2026-07-13T11:24:48.831+05:30  INFO 19748 --- [usersm] [main] com.example.usersm.UsersmApplication     : Starting UsersmApplication using Java 21.0.10 with PID 19748 (C:\Users\test\Documents\JADVJAVA01\springBoot\usersm\target\classes started by test in C:\Users\test\Documents\JADVJAVA01\springBoot\usersm)
2026-07-13T11:24:48.851+05:30  INFO 19748 --- [usersm] [main] com.example.usersm.UsersmApplication     : No active profile set, falling back to 1 default profile: "default"
2026-07-13T11:24:50.631+05:30  INFO 19748 --- [usersm] [main] .s.d.r.c.RepositoryConfigurationDelegate : Bootstrapping Spring Data JPA repositories in DEFAULT mode.
2026-07-13T11:24:50.768+05:30  INFO 19748 --- [usersm] [main] .s.d.r.c.RepositoryConfigurationDelegate : Finished Spring Data repository scanning in 119 ms. Found 3 JPA repository interfaces.
2026-07-13T11:24:51.850+05:30  INFO 19748 --- [usersm] [main] o.s.boot.tomcat.TomcatWebServer          : Tomcat initialized with port 8080 (http)
2026-07-13T11:24:51.884+05:30  INFO 19748 --- [usersm] [main] o.apache.catalina.core.StandardService   : Starting service [Tomcat]
2026-07-13T11:24:51.884+05:30  INFO 19748 --- [usersm] [main] o.apache.catalina.core.StandardEngine    : Starting Servlet engine: [Apache Tomcat/11.0.21]
2026-07-13T11:24:52.156+05:30  INFO 19748 --- [usersm] [main] b.w.c.s.WebApplicationContextInitializer : Root WebApplicationContext: initialization completed in 3127 ms
2026-07-13T11:24:52.436+05:30  INFO 19748 --- [usersm] [main] org.hibernate.orm.jpa                    : HHH008540: Processing PersistenceUnitInfo [name: default]
2026-07-13T11:24:52.583+05:30  INFO 19748 --- [usersm] [main] org.hibernate.orm.core                   : HHH000001: Hibernate ORM core version 7.2.12.Final
2026-07-13T11:24:53.896+05:30  INFO 19748 --- [usersm] [main] o.s.o.j.p.SpringPersistenceUnitInfo      : No LoadTimeWeaver setup: ignoring JPA class transformer
2026-07-13T11:24:54.029+05:30  INFO 19748 --- [usersm] [main] com.zaxxer.hikari.HikariDataSource       : HikariPool-1 - Starting...
2026-07-13T11:24:54.708+05:30  INFO 19748 --- [usersm] [main] com.zaxxer.hikari.pool.HikariPool        : HikariPool-1 - Added connection com.mysql.cj.jdbc.ConnectionImpl@949d347
2026-07-13T11:24:54.712+05:30  INFO 19748 --- [usersm] [main] com.zaxxer.hikari.HikariDataSource       : HikariPool-1 - Start completed.
2026-07-13T11:24:54.909+05:30  WARN 19748 --- [usersm] [main] org.hibernate.orm.deprecation            : HHH90000025: MySQLDialect does not need to be specified explicitly using 'hibernate.dialect' (remove the property setting and it will be selected by default)
2026-07-13T11:24:55.042+05:30  INFO 19748 --- [usersm] [main] org.hibernate.orm.connections.pooling    : HHH10001005: Database info:
	Database JDBC URL [jdbc:mysql://localhost:3306/usersm?allowPublicKeyRetrieval=true&useSSL=false]
	Database driver: MySQL Connector/J
	Database dialect: MySQLDialect
	Database version: 8.4.10
	Default catalog/schema: usersm/undefined
	Autocommit mode: undefined/unknown
	Isolation level: REPEATABLE_READ [default REPEATABLE_READ]
	JDBC fetch size: none
	Pool: DataSourceConnectionProvider
	Minimum pool size: undefined/unknown
	Maximum pool size: undefined/unknown
2026-07-13T11:24:57.296+05:30  INFO 19748 --- [usersm] [main] org.hibernate.orm.core                   : HHH000489: No JTA platform available (set 'hibernate.transaction.jta.platform' to enable JTA platform integration)
2026-07-13T11:24:57.552+05:30  INFO 19748 --- [usersm] [main] j.LocalContainerEntityManagerFactoryBean : Initialized JPA EntityManagerFactory for persistence unit 'default'
2026-07-13T11:24:58.151+05:30  INFO 19748 --- [usersm] [main] o.s.d.j.r.query.QueryEnhancerFactories   : Hibernate is in classpath; If applicable, HQL parser will be used.
2026-07-13T11:24:58.967+05:30  WARN 19748 --- [usersm] [main] JpaBaseConfiguration$JpaWebConfiguration : spring.jpa.open-in-view is enabled by default. Therefore, database queries may be performed during view rendering. Explicitly configure spring.jpa.open-in-view to disable this warning
2026-07-13T11:25:00.341+05:30  INFO 19748 --- [usersm] [main] o.s.boot.tomcat.TomcatWebServer          : Tomcat started on port 8080 (http) with context path '/'
2026-07-13T11:25:00.355+05:30  INFO 19748 --- [usersm] [main] com.example.usersm.UsersmApplication     : Started UsersmApplication in 12.252 seconds (process running for 13.414)
2026-07-13T11:26:43.758+05:30  INFO 19748 --- [usersm] [http-nio-8080-exec-1] o.a.c.c.C.[Tomcat].[localhost].[/]       : Initializing Spring DispatcherServlet 'dispatcherServlet'
2026-07-13T11:26:43.773+05:30  INFO 19748 --- [usersm] [http-nio-8080-exec-1] o.s.web.servlet.DispatcherServlet        : Initializing Servlet 'dispatcherServlet'
2026-07-13T11:26:43.779+05:30  INFO 19748 --- [usersm] [http-nio-8080-exec-1] o.s.web.servlet.DispatcherServlet        : Completed initialization in 3 ms
2026-07-13T11:27:12.999+05:30  INFO 19748 --- [usersm] [http-nio-8080-exec-2] c.e.u.service.Impl.CategoryServiceImpl   : Creating category with name: Sari
2026-07-13T11:27:15.127+05:30  WARN 19748 --- [usersm] [http-nio-8080-exec-2] c.e.u.service.Impl.CategoryServiceImpl   : Category already exists: Sari
2026-07-13T11:27:15.133+05:30 ERROR 19748 --- [usersm] [http-nio-8080-exec-2] o.a.c.c.C.[.[.[/].[dispatcherServlet]    : Servlet.service() for servlet [dispatcherServlet] in context with path [] threw exception [Request processing failed: com.example.usersm.Exception.NameAlreadyExistException: Name Already Exist] with root cause

com.example.usersm.Exception.NameAlreadyExistException: Name Already Exist
	at com.example.usersm.service.Impl.CategoryServiceImpl.createCategory(CategoryServiceImpl.java:53) ~[classes/:na]
	at com.example.usersm.controller.CategoryController.createCategory(CategoryController.java:36) ~[classes/:na]
	at java.base/jdk.internal.reflect.DirectMethodHandleAccessor.invoke(DirectMethodHandleAccessor.java:103) ~[na:na]
	at java.base/java.lang.reflect.Method.invoke(Method.java:580) ~[na:na]
	at org.springframework.web.method.support.InvocableHandlerMethod.doInvoke(InvocableHandlerMethod.java:252) ~[spring-web-7.0.7.jar:7.0.7]
	at org.springframework.web.method.support.InvocableHandlerMethod.invokeForRequest(InvocableHandlerMethod.java:184) ~[spring-web-7.0.7.jar:7.0.7]
	at org.springframework.web.servlet.mvc.method.annotation.ServletInvocableHandlerMethod.invokeAndHandle(ServletInvocableHandlerMethod.java:117) ~[spring-webmvc-7.0.7.jar:7.0.7]
	at org.springframework.web.servlet.mvc.method.annotation.RequestMappingHandlerAdapter.invokeHandlerMethod(RequestMappingHandlerAdapter.java:934) ~[spring-webmvc-7.0.7.jar:7.0.7]
	at org.springframework.web.servlet.mvc.method.annotation.RequestMappingHandlerAdapter.handleInternal(RequestMappingHandlerAdapter.java:853) ~[spring-webmvc-7.0.7.jar:7.0.7]
	at org.springframework.web.servlet.mvc.method.AbstractHandlerMethodAdapter.handle(AbstractHandlerMethodAdapter.java:86) ~[spring-webmvc-7.0.7.jar:7.0.7]
	at org.springframework.web.servlet.DispatcherServlet.doDispatch(DispatcherServlet.java:963) ~[spring-webmvc-7.0.7.jar:7.0.7]
	at org.springframework.web.servlet.DispatcherServlet.doService(DispatcherServlet.java:866) ~[spring-webmvc-7.0.7.jar:7.0.7]
	at org.springframework.web.servlet.FrameworkServlet.processRequest(FrameworkServlet.java:1000) ~[spring-webmvc-7.0.7.jar:7.0.7]
	at org.springframework.web.servlet.FrameworkServlet.doPost(FrameworkServlet.java:903) ~[spring-webmvc-7.0.7.jar:7.0.7]
	at jakarta.servlet.http.HttpServlet.service(HttpServlet.java:649) ~[tomcat-embed-core-11.0.21.jar:6.1]
	at org.springframework.web.servlet.FrameworkServlet.service(FrameworkServlet.java:874) ~[spring-webmvc-7.0.7.jar:7.0.7]
	at jakarta.servlet.http.HttpServlet.service(HttpServlet.java:710) ~[tomcat-embed-core-11.0.21.jar:6.1]
	at org.apache.catalina.core.ApplicationFilterChain.doFilter(ApplicationFilterChain.java:128) ~[tomcat-embed-core-11.0.21.jar:11.0.21]
	at org.apache.tomcat.websocket.server.WsFilter.doFilter(WsFilter.java:53) ~[tomcat-embed-websocket-11.0.21.jar:11.0.21]
	at org.apache.catalina.core.ApplicationFilterChain.doFilter(ApplicationFilterChain.java:107) ~[tomcat-embed-core-11.0.21.jar:11.0.21]
	at org.springframework.web.filter.RequestContextFilter.doFilterInternal(RequestContextFilter.java:100) ~[spring-web-7.0.7.jar:7.0.7]
	at org.springframework.web.filter.OncePerRequestFilter.doFilter(OncePerRequestFilter.java:116) ~[spring-web-7.0.7.jar:7.0.7]
	at org.apache.catalina.core.ApplicationFilterChain.doFilter(ApplicationFilterChain.java:107) ~[tomcat-embed-core-11.0.21.jar:11.0.21]
	at org.springframework.web.filter.FormContentFilter.doFilterInternal(FormContentFilter.java:93) ~[spring-web-7.0.7.jar:7.0.7]
	at org.springframework.web.filter.OncePerRequestFilter.doFilter(OncePerRequestFilter.java:116) ~[spring-web-7.0.7.jar:7.0.7]
	at org.apache.catalina.core.ApplicationFilterChain.doFilter(ApplicationFilterChain.java:107) ~[tomcat-embed-core-11.0.21.jar:11.0.21]
	at org.springframework.web.filter.CharacterEncodingFilter.doFilterInternal(CharacterEncodingFilter.java:199) ~[spring-web-7.0.7.jar:7.0.7]
	at org.springframework.web.filter.OncePerRequestFilter.doFilter(OncePerRequestFilter.java:116) ~[spring-web-7.0.7.jar:7.0.7]
	at org.apache.catalina.core.ApplicationFilterChain.doFilter(ApplicationFilterChain.java:107) ~[tomcat-embed-core-11.0.21.jar:11.0.21]
	at org.apache.catalina.core.StandardWrapperValve.invoke(StandardWrapperValve.java:165) ~[tomcat-embed-core-11.0.21.jar:11.0.21]
	at org.apache.catalina.core.StandardContextValve.invoke(StandardContextValve.java:77) ~[tomcat-embed-core-11.0.21.jar:11.0.21]
	at org.apache.catalina.authenticator.AuthenticatorBase.invoke(AuthenticatorBase.java:492) ~[tomcat-embed-core-11.0.21.jar:11.0.21]
	at org.apache.catalina.core.StandardHostValve.invoke(StandardHostValve.java:113) ~[tomcat-embed-core-11.0.21.jar:11.0.21]
	at org.apache.catalina.valves.ErrorReportValve.invoke(ErrorReportValve.java:83) ~[tomcat-embed-core-11.0.21.jar:11.0.21]
	at org.apache.catalina.core.StandardEngineValve.invoke(StandardEngineValve.java:72) ~[tomcat-embed-core-11.0.21.jar:11.0.21]
	at org.apache.catalina.connector.CoyoteAdapter.service(CoyoteAdapter.java:341) ~[tomcat-embed-core-11.0.21.jar:11.0.21]
	at org.apache.coyote.http11.Http11Processor.service(Http11Processor.java:397) ~[tomcat-embed-core-11.0.21.jar:11.0.21]
	at org.apache.coyote.AbstractProcessorLight.process(AbstractProcessorLight.java:63) ~[tomcat-embed-core-11.0.21.jar:11.0.21]
	at org.apache.coyote.AbstractProtocol$ConnectionHandler.process(AbstractProtocol.java:903) ~[tomcat-embed-core-11.0.21.jar:11.0.21]
	at org.apache.tomcat.util.net.NioEndpoint$SocketProcessor.doRun(NioEndpoint.java:1801) ~[tomcat-embed-core-11.0.21.jar:11.0.21]
	at org.apache.tomcat.util.net.SocketProcessorBase.run(SocketProcessorBase.java:52) ~[tomcat-embed-core-11.0.21.jar:11.0.21]
	at org.apache.tomcat.util.threads.ThreadPoolExecutor.runWorker(ThreadPoolExecutor.java:946) ~[tomcat-embed-core-11.0.21.jar:11.0.21]
	at org.apache.tomcat.util.threads.ThreadPoolExecutor$Worker.run(ThreadPoolExecutor.java:480) ~[tomcat-embed-core-11.0.21.jar:11.0.21]
	at org.apache.tomcat.util.threads.TaskThread$WrappingRunnable.run(TaskThread.java:57) ~[tomcat-embed-core-11.0.21.jar:11.0.21]
	at java.base/java.lang.Thread.run(Thread.java:1583) ~[na:na]

2026-07-13T11:28:40.657+05:30  INFO 19748 --- [usersm] [SpringApplicationShutdownHook] o.s.boot.tomcat.GracefulShutdown         : Commencing graceful shutdown. Waiting for active requests to complete
2026-07-13T11:28:40.691+05:30  INFO 19748 --- [usersm] [tomcat-shutdown] o.s.boot.tomcat.GracefulShutdown         : Graceful shutdown complete
2026-07-13T11:28:40.697+05:30  INFO 19748 --- [usersm] [SpringApplicationShutdownHook] j.LocalContainerEntityManagerFactoryBean : Closing JPA EntityManagerFactory for persistence unit 'default'
2026-07-13T11:28:40.701+05:30  INFO 19748 --- [usersm] [SpringApplicationShutdownHook] com.zaxxer.hikari.HikariDataSource       : HikariPool-1 - Shutdown initiated...
2026-07-13T11:28:40.722+05:30  INFO 19748 --- [usersm] [SpringApplicationShutdownHook] com.zaxxer.hikari.HikariDataSource       : HikariPool-1 - Shutdown completed.
2026-07-13T11:29:08.073+05:30  INFO 20016 --- [usersm] [main] com.example.usersm.UsersmApplication     : Starting UsersmApplication using Java 21.0.10 with PID 20016 (C:\Users\test\Documents\JADVJAVA01\springBoot\usersm\target\classes started by test in C:\Users\test\Documents\JADVJAVA01\springBoot\usersm)
2026-07-13T11:29:08.094+05:30 DEBUG 20016 --- [usersm] [main] com.example.usersm.UsersmApplication     : Running with Spring Boot v4.0.6, Spring v7.0.7
2026-07-13T11:29:08.112+05:30  INFO 20016 --- [usersm] [main] com.example.usersm.UsersmApplication     : No active profile set, falling back to 1 default profile: "default"
2026-07-13T11:29:12.979+05:30  INFO 20016 --- [usersm] [main] .s.d.r.c.RepositoryConfigurationDelegate : Bootstrapping Spring Data JPA repositories in DEFAULT mode.
2026-07-13T11:29:13.406+05:30  INFO 20016 --- [usersm] [main] .s.d.r.c.RepositoryConfigurationDelegate : Finished Spring Data repository scanning in 404 ms. Found 3 JPA repository interfaces.
2026-07-13T11:29:15.118+05:30  INFO 20016 --- [usersm] [main] o.s.boot.tomcat.TomcatWebServer          : Tomcat initialized with port 8080 (http)
2026-07-13T11:29:15.150+05:30  INFO 20016 --- [usersm] [main] o.apache.catalina.core.StandardService   : Starting service [Tomcat]
2026-07-13T11:29:15.152+05:30  INFO 20016 --- [usersm] [main] o.apache.catalina.core.StandardEngine    : Starting Servlet engine: [Apache Tomcat/11.0.21]
2026-07-13T11:29:15.379+05:30  INFO 20016 --- [usersm] [main] b.w.c.s.WebApplicationContextInitializer : Root WebApplicationContext: initialization completed in 5666 ms
2026-07-13T11:29:15.734+05:30  INFO 20016 --- [usersm] [main] org.hibernate.orm.jpa                    : HHH008540: Processing PersistenceUnitInfo [name: default]
2026-07-13T11:29:15.866+05:30  INFO 20016 --- [usersm] [main] org.hibernate.orm.core                   : HHH000001: Hibernate ORM core version 7.2.12.Final
2026-07-13T11:29:17.617+05:30  INFO 20016 --- [usersm] [main] o.s.o.j.p.SpringPersistenceUnitInfo      : No LoadTimeWeaver setup: ignoring JPA class transformer
2026-07-13T11:29:17.765+05:30  INFO 20016 --- [usersm] [main] com.zaxxer.hikari.HikariDataSource       : HikariPool-1 - Starting...
2026-07-13T11:29:18.411+05:30  INFO 20016 --- [usersm] [main] com.zaxxer.hikari.pool.HikariPool        : HikariPool-1 - Added connection com.mysql.cj.jdbc.ConnectionImpl@3f122cdc
2026-07-13T11:29:18.416+05:30  INFO 20016 --- [usersm] [main] com.zaxxer.hikari.HikariDataSource       : HikariPool-1 - Start completed.
2026-07-13T11:29:18.692+05:30  WARN 20016 --- [usersm] [main] org.hibernate.orm.deprecation            : HHH90000025: MySQLDialect does not need to be specified explicitly using 'hibernate.dialect' (remove the property setting and it will be selected by default)
2026-07-13T11:29:18.824+05:30  INFO 20016 --- [usersm] [main] org.hibernate.orm.connections.pooling    : HHH10001005: Database info:
	Database JDBC URL [jdbc:mysql://localhost:3306/usersm?allowPublicKeyRetrieval=true&useSSL=false]
	Database driver: MySQL Connector/J
	Database dialect: MySQLDialect
	Database version: 8.4.10
	Default catalog/schema: usersm/undefined
	Autocommit mode: undefined/unknown
	Isolation level: REPEATABLE_READ [default REPEATABLE_READ]
	JDBC fetch size: none
	Pool: DataSourceConnectionProvider
	Minimum pool size: undefined/unknown
	Maximum pool size: undefined/unknown
2026-07-13T11:29:21.524+05:30  INFO 20016 --- [usersm] [main] org.hibernate.orm.core                   : HHH000489: No JTA platform available (set 'hibernate.transaction.jta.platform' to enable JTA platform integration)
2026-07-13T11:29:21.853+05:30  INFO 20016 --- [usersm] [main] j.LocalContainerEntityManagerFactoryBean : Initialized JPA EntityManagerFactory for persistence unit 'default'
2026-07-13T11:29:22.069+05:30  INFO 20016 --- [usersm] [main] o.s.d.j.r.query.QueryEnhancerFactories   : Hibernate is in classpath; If applicable, HQL parser will be used.
2026-07-13T11:29:22.743+05:30  WARN 20016 --- [usersm] [main] JpaBaseConfiguration$JpaWebConfiguration : spring.jpa.open-in-view is enabled by default. Therefore, database queries may be performed during view rendering. Explicitly configure spring.jpa.open-in-view to disable this warning
2026-07-13T11:29:23.665+05:30 DEBUG 20016 --- [usersm] [main] s.w.s.m.m.a.RequestMappingHandlerMapping : 18 mappings in 'requestMappingHandlerMapping'
2026-07-13T11:29:23.792+05:30 DEBUG 20016 --- [usersm] [main] o.s.w.s.handler.SimpleUrlHandlerMapping  : Patterns [/webjars/**, /**, /upload/**] in 'resourceHandlerMapping'
2026-07-13T11:29:23.884+05:30 DEBUG 20016 --- [usersm] [main] s.w.s.m.m.a.RequestMappingHandlerAdapter : ControllerAdvice beans: 0 @ModelAttribute, 0 @InitBinder, 2 RequestBodyAdvice, 1 ResponseBodyAdvice
2026-07-13T11:29:24.013+05:30 DEBUG 20016 --- [usersm] [main] .m.m.a.ExceptionHandlerExceptionResolver : ControllerAdvice beans: 1 @ExceptionHandler, 1 ResponseBodyAdvice
2026-07-13T11:29:24.478+05:30  INFO 20016 --- [usersm] [main] o.s.boot.tomcat.TomcatWebServer          : Tomcat started on port 8080 (http) with context path '/'
2026-07-13T11:29:24.597+05:30  INFO 20016 --- [usersm] [main] com.example.usersm.UsersmApplication     : Started UsersmApplication in 19.498 seconds (process running for 21.145)
2026-07-13T11:29:31.293+05:30  INFO 20016 --- [usersm] [http-nio-8080-exec-1] o.a.c.c.C.[Tomcat].[localhost].[/]       : Initializing Spring DispatcherServlet 'dispatcherServlet'
2026-07-13T11:29:31.295+05:30  INFO 20016 --- [usersm] [http-nio-8080-exec-1] o.s.web.servlet.DispatcherServlet        : Initializing Servlet 'dispatcherServlet'
2026-07-13T11:29:31.301+05:30 DEBUG 20016 --- [usersm] [http-nio-8080-exec-1] o.s.web.servlet.DispatcherServlet        : Detected StandardServletMultipartResolver
2026-07-13T11:29:31.324+05:30 DEBUG 20016 --- [usersm] [http-nio-8080-exec-1] o.s.web.servlet.DispatcherServlet        : Detected AcceptHeaderLocaleResolver
2026-07-13T11:29:31.390+05:30 DEBUG 20016 --- [usersm] [http-nio-8080-exec-1] o.s.web.servlet.DispatcherServlet        : Detected org.springframework.web.servlet.view.DefaultRequestToViewNameTranslator@18c95fbb
2026-07-13T11:29:31.423+05:30 DEBUG 20016 --- [usersm] [http-nio-8080-exec-1] o.s.web.servlet.DispatcherServlet        : Detected org.springframework.web.servlet.support.SessionFlashMapManager@5432be12
2026-07-13T11:29:31.435+05:30 DEBUG 20016 --- [usersm] [http-nio-8080-exec-1] o.s.web.servlet.DispatcherServlet        : enableLoggingRequestDetails='false': request parameters and headers will be masked to prevent unsafe logging of potentially sensitive data
2026-07-13T11:29:31.458+05:30  INFO 20016 --- [usersm] [http-nio-8080-exec-1] o.s.web.servlet.DispatcherServlet        : Completed initialization in 155 ms
2026-07-13T11:29:31.603+05:30 DEBUG 20016 --- [usersm] [http-nio-8080-exec-1] o.s.web.servlet.DispatcherServlet        : POST "/api/v1/categorys/add-category", parameters={}
2026-07-13T11:29:31.648+05:30 DEBUG 20016 --- [usersm] [http-nio-8080-exec-1] s.w.s.m.m.a.RequestMappingHandlerMapping : Mapped to com.example.usersm.controller.CategoryController#createCategory(CategoryRequestDto)
2026-07-13T11:29:31.877+05:30 DEBUG 20016 --- [usersm] [http-nio-8080-exec-1] m.m.a.RequestResponseBodyMethodProcessor : Read "application/json;charset=UTF-8" to [com.example.usersm.Dto.CategoryRequestDto@7dc73feb]
2026-07-13T11:29:31.889+05:30  INFO 20016 --- [usersm] [http-nio-8080-exec-1] c.e.u.service.Impl.CategoryServiceImpl   : Creating category with name: Sari
2026-07-13T11:29:34.032+05:30  WARN 20016 --- [usersm] [http-nio-8080-exec-1] c.e.u.service.Impl.CategoryServiceImpl   : Category already exists: Sari
2026-07-13T11:29:34.043+05:30 DEBUG 20016 --- [usersm] [http-nio-8080-exec-1] o.s.web.servlet.DispatcherServlet        : Failed to complete request: com.example.usersm.Exception.NameAlreadyExistException: Name Already Exist
2026-07-13T11:29:34.048+05:30 ERROR 20016 --- [usersm] [http-nio-8080-exec-1] o.a.c.c.C.[.[.[/].[dispatcherServlet]    : Servlet.service() for servlet [dispatcherServlet] in context with path [] threw exception [Request processing failed: com.example.usersm.Exception.NameAlreadyExistException: Name Already Exist] with root cause

com.example.usersm.Exception.NameAlreadyExistException: Name Already Exist
	at com.example.usersm.service.Impl.CategoryServiceImpl.createCategory(CategoryServiceImpl.java:53) ~[classes/:na]
	at com.example.usersm.controller.CategoryController.createCategory(CategoryController.java:36) ~[classes/:na]
	at java.base/jdk.internal.reflect.DirectMethodHandleAccessor.invoke(DirectMethodHandleAccessor.java:103) ~[na:na]
	at java.base/java.lang.reflect.Method.invoke(Method.java:580) ~[na:na]
	at org.springframework.web.method.support.InvocableHandlerMethod.doInvoke(InvocableHandlerMethod.java:252) ~[spring-web-7.0.7.jar:7.0.7]
	at org.springframework.web.method.support.InvocableHandlerMethod.invokeForRequest(InvocableHandlerMethod.java:184) ~[spring-web-7.0.7.jar:7.0.7]
	at org.springframework.web.servlet.mvc.method.annotation.ServletInvocableHandlerMethod.invokeAndHandle(ServletInvocableHandlerMethod.java:117) ~[spring-webmvc-7.0.7.jar:7.0.7]
	at org.springframework.web.servlet.mvc.method.annotation.RequestMappingHandlerAdapter.invokeHandlerMethod(RequestMappingHandlerAdapter.java:934) ~[spring-webmvc-7.0.7.jar:7.0.7]
	at org.springframework.web.servlet.mvc.method.annotation.RequestMappingHandlerAdapter.handleInternal(RequestMappingHandlerAdapter.java:853) ~[spring-webmvc-7.0.7.jar:7.0.7]
	at org.springframework.web.servlet.mvc.method.AbstractHandlerMethodAdapter.handle(AbstractHandlerMethodAdapter.java:86) ~[spring-webmvc-7.0.7.jar:7.0.7]
	at org.springframework.web.servlet.DispatcherServlet.doDispatch(DispatcherServlet.java:963) ~[spring-webmvc-7.0.7.jar:7.0.7]
	at org.springframework.web.servlet.DispatcherServlet.doService(DispatcherServlet.java:866) ~[spring-webmvc-7.0.7.jar:7.0.7]
	at org.springframework.web.servlet.FrameworkServlet.processRequest(FrameworkServlet.java:1000) ~[spring-webmvc-7.0.7.jar:7.0.7]
	at org.springframework.web.servlet.FrameworkServlet.doPost(FrameworkServlet.java:903) ~[spring-webmvc-7.0.7.jar:7.0.7]
	at jakarta.servlet.http.HttpServlet.service(HttpServlet.java:649) ~[tomcat-embed-core-11.0.21.jar:6.1]
	at org.springframework.web.servlet.FrameworkServlet.service(FrameworkServlet.java:874) ~[spring-webmvc-7.0.7.jar:7.0.7]
	at jakarta.servlet.http.HttpServlet.service(HttpServlet.java:710) ~[tomcat-embed-core-11.0.21.jar:6.1]
	at org.apache.catalina.core.ApplicationFilterChain.doFilter(ApplicationFilterChain.java:128) ~[tomcat-embed-core-11.0.21.jar:11.0.21]
	at org.apache.tomcat.websocket.server.WsFilter.doFilter(WsFilter.java:53) ~[tomcat-embed-websocket-11.0.21.jar:11.0.21]
	at org.apache.catalina.core.ApplicationFilterChain.doFilter(ApplicationFilterChain.java:107) ~[tomcat-embed-core-11.0.21.jar:11.0.21]
	at org.springframework.web.filter.RequestContextFilter.doFilterInternal(RequestContextFilter.java:100) ~[spring-web-7.0.7.jar:7.0.7]
	at org.springframework.web.filter.OncePerRequestFilter.doFilter(OncePerRequestFilter.java:116) ~[spring-web-7.0.7.jar:7.0.7]
	at org.apache.catalina.core.ApplicationFilterChain.doFilter(ApplicationFilterChain.java:107) ~[tomcat-embed-core-11.0.21.jar:11.0.21]
	at org.springframework.web.filter.FormContentFilter.doFilterInternal(FormContentFilter.java:93) ~[spring-web-7.0.7.jar:7.0.7]
	at org.springframework.web.filter.OncePerRequestFilter.doFilter(OncePerRequestFilter.java:116) ~[spring-web-7.0.7.jar:7.0.7]
	at org.apache.catalina.core.ApplicationFilterChain.doFilter(ApplicationFilterChain.java:107) ~[tomcat-embed-core-11.0.21.jar:11.0.21]
	at org.springframework.web.filter.CharacterEncodingFilter.doFilterInternal(CharacterEncodingFilter.java:199) ~[spring-web-7.0.7.jar:7.0.7]
	at org.springframework.web.filter.OncePerRequestFilter.doFilter(OncePerRequestFilter.java:116) ~[spring-web-7.0.7.jar:7.0.7]
	at org.apache.catalina.core.ApplicationFilterChain.doFilter(ApplicationFilterChain.java:107) ~[tomcat-embed-core-11.0.21.jar:11.0.21]
	at org.apache.catalina.core.StandardWrapperValve.invoke(StandardWrapperValve.java:165) ~[tomcat-embed-core-11.0.21.jar:11.0.21]
	at org.apache.catalina.core.StandardContextValve.invoke(StandardContextValve.java:77) ~[tomcat-embed-core-11.0.21.jar:11.0.21]
	at org.apache.catalina.authenticator.AuthenticatorBase.invoke(AuthenticatorBase.java:492) ~[tomcat-embed-core-11.0.21.jar:11.0.21]
	at org.apache.catalina.core.StandardHostValve.invoke(StandardHostValve.java:113) ~[tomcat-embed-core-11.0.21.jar:11.0.21]
	at org.apache.catalina.valves.ErrorReportValve.invoke(ErrorReportValve.java:83) ~[tomcat-embed-core-11.0.21.jar:11.0.21]
	at org.apache.catalina.core.StandardEngineValve.invoke(StandardEngineValve.java:72) ~[tomcat-embed-core-11.0.21.jar:11.0.21]
	at org.apache.catalina.connector.CoyoteAdapter.service(CoyoteAdapter.java:341) ~[tomcat-embed-core-11.0.21.jar:11.0.21]
	at org.apache.coyote.http11.Http11Processor.service(Http11Processor.java:397) ~[tomcat-embed-core-11.0.21.jar:11.0.21]
	at org.apache.coyote.AbstractProcessorLight.process(AbstractProcessorLight.java:63) ~[tomcat-embed-core-11.0.21.jar:11.0.21]
	at org.apache.coyote.AbstractProtocol$ConnectionHandler.process(AbstractProtocol.java:903) ~[tomcat-embed-core-11.0.21.jar:11.0.21]
	at org.apache.tomcat.util.net.NioEndpoint$SocketProcessor.doRun(NioEndpoint.java:1801) ~[tomcat-embed-core-11.0.21.jar:11.0.21]
	at org.apache.tomcat.util.net.SocketProcessorBase.run(SocketProcessorBase.java:52) ~[tomcat-embed-core-11.0.21.jar:11.0.21]
	at org.apache.tomcat.util.threads.ThreadPoolExecutor.runWorker(ThreadPoolExecutor.java:946) ~[tomcat-embed-core-11.0.21.jar:11.0.21]
	at org.apache.tomcat.util.threads.ThreadPoolExecutor$Worker.run(ThreadPoolExecutor.java:480) ~[tomcat-embed-core-11.0.21.jar:11.0.21]
	at org.apache.tomcat.util.threads.TaskThread$WrappingRunnable.run(TaskThread.java:57) ~[tomcat-embed-core-11.0.21.jar:11.0.21]
	at java.base/java.lang.Thread.run(Thread.java:1583) ~[na:na]

2026-07-13T11:29:34.125+05:30 DEBUG 20016 --- [usersm] [http-nio-8080-exec-1] o.s.web.servlet.DispatcherServlet        : "ERROR" dispatch for GET "/error", parameters={}
2026-07-13T11:29:34.179+05:30 DEBUG 20016 --- [usersm] [http-nio-8080-exec-1] s.w.s.m.m.a.RequestMappingHandlerMapping : Mapped to org.springframework.boot.webmvc.autoconfigure.error.BasicErrorController#error(HttpServletRequest)
2026-07-13T11:29:34.320+05:30 DEBUG 20016 --- [usersm] [http-nio-8080-exec-1] o.s.w.s.m.m.a.HttpEntityMethodProcessor  : Using 'application/json', given [*/*] and supported [application/json, application/*+json]
2026-07-13T11:29:34.324+05:30 DEBUG 20016 --- [usersm] [http-nio-8080-exec-1] o.s.w.s.m.m.a.HttpEntityMethodProcessor  : Writing [{timestamp=Mon Jul 13 11:29:34 IST 2026, status=500, error=Internal Server Error, path=/api/v1/categ (truncated)...]
2026-07-13T11:29:34.487+05:30 DEBUG 20016 --- [usersm] [http-nio-8080-exec-1] o.s.web.servlet.DispatcherServlet        : Exiting from "ERROR" dispatch, status 500
2026-07-13T11:40:40.417+05:30  INFO 20016 --- [usersm] [SpringApplicationShutdownHook] o.s.boot.tomcat.GracefulShutdown         : Commencing graceful shutdown. Waiting for active requests to complete
2026-07-13T11:40:40.461+05:30  INFO 20016 --- [usersm] [tomcat-shutdown] o.s.boot.tomcat.GracefulShutdown         : Graceful shutdown complete
2026-07-13T11:40:40.466+05:30  INFO 20016 --- [usersm] [SpringApplicationShutdownHook] j.LocalContainerEntityManagerFactoryBean : Closing JPA EntityManagerFactory for persistence unit 'default'
2026-07-13T11:40:40.471+05:30  INFO 20016 --- [usersm] [SpringApplicationShutdownHook] com.zaxxer.hikari.HikariDataSource       : HikariPool-1 - Shutdown initiated...
2026-07-13T11:40:40.491+05:30  INFO 20016 --- [usersm] [SpringApplicationShutdownHook] com.zaxxer.hikari.HikariDataSource       : HikariPool-1 - Shutdown completed.
2026-07-13T11:41:08.880+05:30  INFO 20088 --- [usersm] [main] c.example.usersm.UsersmApplicationTests  : Starting UsersmApplicationTests using Java 21.0.10 with PID 20088 (started by test in C:\Users\test\Documents\JADVJAVA01\springBoot\usersm)
2026-07-13T11:41:08.883+05:30 DEBUG 20088 --- [usersm] [main] c.example.usersm.UsersmApplicationTests  : Running with Spring Boot v4.0.6, Spring v7.0.7
2026-07-13T11:41:08.884+05:30  INFO 20088 --- [usersm] [main] c.example.usersm.UsersmApplicationTests  : No active profile set, falling back to 1 default profile: "default"
2026-07-13T11:41:09.003+05:30 DEBUG 20088 --- [usersm] [main] o.s.w.c.s.GenericWebApplicationContext   : Refreshing org.springframework.web.context.support.GenericWebApplicationContext@aaee2a2
2026-07-13T11:41:10.628+05:30  INFO 20088 --- [usersm] [main] .s.d.r.c.RepositoryConfigurationDelegate : Bootstrapping Spring Data JPA repositories in DEFAULT mode.
2026-07-13T11:41:10.738+05:30  INFO 20088 --- [usersm] [main] .s.d.r.c.RepositoryConfigurationDelegate : Finished Spring Data repository scanning in 97 ms. Found 3 JPA repository interfaces.
2026-07-13T11:41:11.778+05:30  INFO 20088 --- [usersm] [main] org.hibernate.orm.jpa                    : HHH008540: Processing PersistenceUnitInfo [name: default]
2026-07-13T11:41:11.967+05:30  INFO 20088 --- [usersm] [main] org.hibernate.orm.core                   : HHH000001: Hibernate ORM core version 7.2.12.Final
2026-07-13T11:41:13.426+05:30  INFO 20088 --- [usersm] [main] o.s.o.j.p.SpringPersistenceUnitInfo      : No LoadTimeWeaver setup: ignoring JPA class transformer
2026-07-13T11:41:13.485+05:30  INFO 20088 --- [usersm] [main] com.zaxxer.hikari.HikariDataSource       : HikariPool-1 - Starting...
2026-07-13T11:41:13.780+05:30  INFO 20088 --- [usersm] [main] com.zaxxer.hikari.pool.HikariPool        : HikariPool-1 - Added connection com.mysql.cj.jdbc.ConnectionImpl@62de20d3
2026-07-13T11:41:13.783+05:30  INFO 20088 --- [usersm] [main] com.zaxxer.hikari.HikariDataSource       : HikariPool-1 - Start completed.
2026-07-13T11:41:13.902+05:30  INFO 20088 --- [usersm] [main] org.hibernate.orm.connections.pooling    : HHH10001005: Database info:
	Database JDBC URL [jdbc:mysql://localhost:3306/usersm?allowPublicKeyRetrieval=true&useSSL=false&serverTimezone=UTC]
	Database driver: MySQL Connector/J
	Database dialect: MySQLDialect
	Database version: 8.4.10
	Default catalog/schema: usersm/undefined
	Autocommit mode: undefined/unknown
	Isolation level: REPEATABLE_READ [default REPEATABLE_READ]
	JDBC fetch size: none
	Pool: DataSourceConnectionProvider
	Minimum pool size: undefined/unknown
	Maximum pool size: undefined/unknown
2026-07-13T11:41:15.262+05:30  INFO 20088 --- [usersm] [main] org.hibernate.orm.core                   : HHH000489: No JTA platform available (set 'hibernate.transaction.jta.platform' to enable JTA platform integration)
2026-07-13T11:41:15.378+05:30  INFO 20088 --- [usersm] [main] j.LocalContainerEntityManagerFactoryBean : Initialized JPA EntityManagerFactory for persistence unit 'default'
2026-07-13T11:41:15.598+05:30  INFO 20088 --- [usersm] [main] o.s.d.j.r.query.QueryEnhancerFactories   : Hibernate is in classpath; If applicable, HQL parser will be used.
2026-07-13T11:41:16.241+05:30  WARN 20088 --- [usersm] [main] JpaBaseConfiguration$JpaWebConfiguration : spring.jpa.open-in-view is enabled by default. Therefore, database queries may be performed during view rendering. Explicitly configure spring.jpa.open-in-view to disable this warning
2026-07-13T11:41:16.846+05:30 DEBUG 20088 --- [usersm] [main] s.w.s.m.m.a.RequestMappingHandlerMapping : 18 mappings in 'requestMappingHandlerMapping'
2026-07-13T11:41:16.953+05:30 DEBUG 20088 --- [usersm] [main] o.s.w.s.handler.SimpleUrlHandlerMapping  : Patterns [/webjars/**, /**, /upload/**] in 'resourceHandlerMapping'
2026-07-13T11:41:17.051+05:30 DEBUG 20088 --- [usersm] [main] s.w.s.m.m.a.RequestMappingHandlerAdapter : ControllerAdvice beans: 0 @ModelAttribute, 0 @InitBinder, 2 RequestBodyAdvice, 1 ResponseBodyAdvice
2026-07-13T11:41:17.201+05:30 DEBUG 20088 --- [usersm] [main] .m.m.a.ExceptionHandlerExceptionResolver : ControllerAdvice beans: 1 @ExceptionHandler, 1 ResponseBodyAdvice
2026-07-13T11:41:17.605+05:30  INFO 20088 --- [usersm] [main] c.example.usersm.UsersmApplicationTests  : Started UsersmApplicationTests in 9.286 seconds (process running for 11.761)
2026-07-13T11:41:18.718+05:30 DEBUG 20088 --- [usersm] [SpringApplicationShutdownHook] o.s.w.c.s.GenericWebApplicationContext   : Closing org.springframework.web.context.support.GenericWebApplicationContext@aaee2a2, started on Mon Jul 13 11:41:09 IST 2026
2026-07-13T11:41:18.742+05:30  INFO 20088 --- [usersm] [SpringApplicationShutdownHook] j.LocalContainerEntityManagerFactoryBean : Closing JPA EntityManagerFactory for persistence unit 'default'
2026-07-13T11:41:18.751+05:30  INFO 20088 --- [usersm] [SpringApplicationShutdownHook] com.zaxxer.hikari.HikariDataSource       : HikariPool-1 - Shutdown initiated...
2026-07-13T11:41:18.779+05:30  INFO 20088 --- [usersm] [SpringApplicationShutdownHook] com.zaxxer.hikari.HikariDataSource       : HikariPool-1 - Shutdown completed.
2026-07-13T11:41:40.519+05:30  INFO 2956 --- [usersm] [main] com.example.usersm.UsersmApplication     : Starting UsersmApplication using Java 21.0.10 with PID 2956 (C:\Users\test\Documents\JADVJAVA01\springBoot\usersm\target\classes started by test in C:\Users\test\Documents\JADVJAVA01\springBoot\usersm)
2026-07-13T11:41:40.521+05:30 DEBUG 2956 --- [usersm] [main] com.example.usersm.UsersmApplication     : Running with Spring Boot v4.0.6, Spring v7.0.7
2026-07-13T11:41:40.524+05:30  INFO 2956 --- [usersm] [main] com.example.usersm.UsersmApplication     : No active profile set, falling back to 1 default profile: "default"
2026-07-13T11:41:41.362+05:30  INFO 2956 --- [usersm] [main] .s.d.r.c.RepositoryConfigurationDelegate : Bootstrapping Spring Data JPA repositories in DEFAULT mode.
2026-07-13T11:41:41.444+05:30  INFO 2956 --- [usersm] [main] .s.d.r.c.RepositoryConfigurationDelegate : Finished Spring Data repository scanning in 72 ms. Found 3 JPA repository interfaces.
2026-07-13T11:41:42.031+05:30  INFO 2956 --- [usersm] [main] o.s.boot.tomcat.TomcatWebServer          : Tomcat initialized with port 8080 (http)
2026-07-13T11:41:42.047+05:30  INFO 2956 --- [usersm] [main] o.apache.catalina.core.StandardService   : Starting service [Tomcat]
2026-07-13T11:41:42.052+05:30  INFO 2956 --- [usersm] [main] o.apache.catalina.core.StandardEngine    : Starting Servlet engine: [Apache Tomcat/11.0.21]
2026-07-13T11:41:42.135+05:30  INFO 2956 --- [usersm] [main] b.w.c.s.WebApplicationContextInitializer : Root WebApplicationContext: initialization completed in 1536 ms
2026-07-13T11:41:42.423+05:30  INFO 2956 --- [usersm] [main] org.hibernate.orm.jpa                    : HHH008540: Processing PersistenceUnitInfo [name: default]
2026-07-13T11:41:42.490+05:30  INFO 2956 --- [usersm] [main] org.hibernate.orm.core                   : HHH000001: Hibernate ORM core version 7.2.12.Final
2026-07-13T11:41:43.041+05:30  INFO 2956 --- [usersm] [main] o.s.o.j.p.SpringPersistenceUnitInfo      : No LoadTimeWeaver setup: ignoring JPA class transformer
2026-07-13T11:41:43.100+05:30  INFO 2956 --- [usersm] [main] com.zaxxer.hikari.HikariDataSource       : HikariPool-1 - Starting...
2026-07-13T11:41:43.303+05:30  INFO 2956 --- [usersm] [main] com.zaxxer.hikari.pool.HikariPool        : HikariPool-1 - Added connection com.mysql.cj.jdbc.ConnectionImpl@4bff28e7
2026-07-13T11:41:43.306+05:30  INFO 2956 --- [usersm] [main] com.zaxxer.hikari.HikariDataSource       : HikariPool-1 - Start completed.
2026-07-13T11:41:43.401+05:30  INFO 2956 --- [usersm] [main] org.hibernate.orm.connections.pooling    : HHH10001005: Database info:
	Database JDBC URL [jdbc:mysql://localhost:3306/usersm?allowPublicKeyRetrieval=true&useSSL=false&serverTimezone=UTC]
	Database driver: MySQL Connector/J
	Database dialect: MySQLDialect
	Database version: 8.4.10
	Default catalog/schema: usersm/undefined
	Autocommit mode: undefined/unknown
	Isolation level: REPEATABLE_READ [default REPEATABLE_READ]
	JDBC fetch size: none
	Pool: DataSourceConnectionProvider
	Minimum pool size: undefined/unknown
	Maximum pool size: undefined/unknown
2026-07-13T11:41:44.398+05:30  INFO 2956 --- [usersm] [main] org.hibernate.orm.core                   : HHH000489: No JTA platform available (set 'hibernate.transaction.jta.platform' to enable JTA platform integration)
2026-07-13T11:41:44.570+05:30  INFO 2956 --- [usersm] [main] j.LocalContainerEntityManagerFactoryBean : Initialized JPA EntityManagerFactory for persistence unit 'default'
2026-07-13T11:41:44.728+05:30  INFO 2956 --- [usersm] [main] o.s.d.j.r.query.QueryEnhancerFactories   : Hibernate is in classpath; If applicable, HQL parser will be used.
2026-07-13T11:41:45.032+05:30  WARN 2956 --- [usersm] [main] JpaBaseConfiguration$JpaWebConfiguration : spring.jpa.open-in-view is enabled by default. Therefore, database queries may be performed during view rendering. Explicitly configure spring.jpa.open-in-view to disable this warning
2026-07-13T11:41:45.358+05:30 DEBUG 2956 --- [usersm] [main] s.w.s.m.m.a.RequestMappingHandlerMapping : 18 mappings in 'requestMappingHandlerMapping'
2026-07-13T11:41:45.407+05:30 DEBUG 2956 --- [usersm] [main] o.s.w.s.handler.SimpleUrlHandlerMapping  : Patterns [/webjars/**, /**, /upload/**] in 'resourceHandlerMapping'
2026-07-13T11:41:45.462+05:30 DEBUG 2956 --- [usersm] [main] s.w.s.m.m.a.RequestMappingHandlerAdapter : ControllerAdvice beans: 0 @ModelAttribute, 0 @InitBinder, 2 RequestBodyAdvice, 1 ResponseBodyAdvice
2026-07-13T11:41:45.559+05:30 DEBUG 2956 --- [usersm] [main] .m.m.a.ExceptionHandlerExceptionResolver : ControllerAdvice beans: 1 @ExceptionHandler, 1 ResponseBodyAdvice
2026-07-13T11:41:45.749+05:30  INFO 2956 --- [usersm] [main] o.s.boot.tomcat.TomcatWebServer          : Tomcat started on port 8080 (http) with context path '/'
2026-07-13T11:41:45.756+05:30  INFO 2956 --- [usersm] [main] com.example.usersm.UsersmApplication     : Started UsersmApplication in 5.993 seconds (process running for 7.121)
2026-07-13T11:41:50.934+05:30  INFO 2956 --- [usersm] [http-nio-8080-exec-1] o.a.c.c.C.[Tomcat].[localhost].[/]       : Initializing Spring DispatcherServlet 'dispatcherServlet'
2026-07-13T11:41:50.936+05:30  INFO 2956 --- [usersm] [http-nio-8080-exec-1] o.s.web.servlet.DispatcherServlet        : Initializing Servlet 'dispatcherServlet'
2026-07-13T11:41:50.937+05:30 DEBUG 2956 --- [usersm] [http-nio-8080-exec-1] o.s.web.servlet.DispatcherServlet        : Detected StandardServletMultipartResolver
2026-07-13T11:41:50.937+05:30 DEBUG 2956 --- [usersm] [http-nio-8080-exec-1] o.s.web.servlet.DispatcherServlet        : Detected AcceptHeaderLocaleResolver
2026-07-13T11:41:50.939+05:30 DEBUG 2956 --- [usersm] [http-nio-8080-exec-1] o.s.web.servlet.DispatcherServlet        : Detected org.springframework.web.servlet.view.DefaultRequestToViewNameTranslator@823f978
2026-07-13T11:41:50.941+05:30 DEBUG 2956 --- [usersm] [http-nio-8080-exec-1] o.s.web.servlet.DispatcherServlet        : Detected org.springframework.web.servlet.support.SessionFlashMapManager@48543f11
2026-07-13T11:41:50.942+05:30 DEBUG 2956 --- [usersm] [http-nio-8080-exec-1] o.s.web.servlet.DispatcherServlet        : enableLoggingRequestDetails='false': request parameters and headers will be masked to prevent unsafe logging of potentially sensitive data
2026-07-13T11:41:50.943+05:30  INFO 2956 --- [usersm] [http-nio-8080-exec-1] o.s.web.servlet.DispatcherServlet        : Completed initialization in 7 ms
2026-07-13T11:41:51.182+05:30 DEBUG 2956 --- [usersm] [http-nio-8080-exec-1] o.s.web.servlet.DispatcherServlet        : GET "/actuator/health", parameters={}
2026-07-13T11:41:51.295+05:30 DEBUG 2956 --- [usersm] [http-nio-8080-exec-1] o.s.w.s.handler.SimpleUrlHandlerMapping  : Mapped to ResourceHttpRequestHandler [classpath [META-INF/resources/], classpath [resources/], classpath [static/], classpath [public/], ServletContext [/]]
2026-07-13T11:41:51.312+05:30 DEBUG 2956 --- [usersm] [http-nio-8080-exec-1] o.s.w.s.r.ResourceHttpRequestHandler     : Resource not found for path [actuator/health]
2026-07-13T11:41:51.343+05:30 DEBUG 2956 --- [usersm] [http-nio-8080-exec-1] .w.s.m.s.DefaultHandlerExceptionResolver : Resolved [org.springframework.web.servlet.resource.NoResourceFoundException: No static resource actuator/health for request '/actuator/health'.]
2026-07-13T11:41:51.346+05:30 DEBUG 2956 --- [usersm] [http-nio-8080-exec-1] o.s.web.servlet.DispatcherServlet        : Completed 404 NOT_FOUND
2026-07-13T11:41:51.359+05:30 DEBUG 2956 --- [usersm] [http-nio-8080-exec-1] o.s.web.servlet.DispatcherServlet        : "ERROR" dispatch for GET "/error", parameters={}
2026-07-13T11:41:51.362+05:30 DEBUG 2956 --- [usersm] [http-nio-8080-exec-1] s.w.s.m.m.a.RequestMappingHandlerMapping : Mapped to org.springframework.boot.webmvc.autoconfigure.error.BasicErrorController#error(HttpServletRequest)
2026-07-13T11:41:51.410+05:30 DEBUG 2956 --- [usersm] [http-nio-8080-exec-1] o.s.w.s.m.m.a.HttpEntityMethodProcessor  : Using 'application/json', given [*/*] and supported [application/json, application/*+json]
2026-07-13T11:41:51.412+05:30 DEBUG 2956 --- [usersm] [http-nio-8080-exec-1] o.s.w.s.m.m.a.HttpEntityMethodProcessor  : Writing [{timestamp=Mon Jul 13 11:41:51 IST 2026, status=404, error=Not Found, path=/actuator/health}]
2026-07-13T11:41:51.475+05:30 DEBUG 2956 --- [usersm] [http-nio-8080-exec-1] o.s.web.servlet.DispatcherServlet        : Exiting from "ERROR" dispatch, status 404
2026-07-13T11:42:17.736+05:30 DEBUG 2956 --- [usersm] [http-nio-8080-exec-3] o.s.web.servlet.DispatcherServlet        : GET "/actuator/health/", parameters={}
2026-07-13T11:42:17.741+05:30 DEBUG 2956 --- [usersm] [http-nio-8080-exec-3] o.s.w.s.handler.SimpleUrlHandlerMapping  : Mapped to ResourceHttpRequestHandler [classpath [META-INF/resources/], classpath [resources/], classpath [static/], classpath [public/], ServletContext [/]]
2026-07-13T11:42:17.755+05:30 DEBUG 2956 --- [usersm] [http-nio-8080-exec-3] o.s.w.s.r.ResourceHttpRequestHandler     : Resource not found for path [actuator/health]
2026-07-13T11:42:17.773+05:30 DEBUG 2956 --- [usersm] [http-nio-8080-exec-3] .w.s.m.s.DefaultHandlerExceptionResolver : Resolved [org.springframework.web.servlet.resource.NoResourceFoundException: No static resource actuator/health for request '/actuator/health/'.]
2026-07-13T11:42:17.778+05:30 DEBUG 2956 --- [usersm] [http-nio-8080-exec-3] o.s.web.servlet.DispatcherServlet        : Completed 404 NOT_FOUND
2026-07-13T11:42:17.781+05:30 DEBUG 2956 --- [usersm] [http-nio-8080-exec-3] o.s.web.servlet.DispatcherServlet        : "ERROR" dispatch for GET "/error", parameters={}
2026-07-13T11:42:17.785+05:30 DEBUG 2956 --- [usersm] [http-nio-8080-exec-3] s.w.s.m.m.a.RequestMappingHandlerMapping : Mapped to org.springframework.boot.webmvc.autoconfigure.error.BasicErrorController#error(HttpServletRequest)
2026-07-13T11:42:17.786+05:30 DEBUG 2956 --- [usersm] [http-nio-8080-exec-3] o.s.w.s.m.m.a.HttpEntityMethodProcessor  : Using 'application/json', given [*/*] and supported [application/json, application/*+json]
2026-07-13T11:42:17.787+05:30 DEBUG 2956 --- [usersm] [http-nio-8080-exec-3] o.s.w.s.m.m.a.HttpEntityMethodProcessor  : Writing [{timestamp=Mon Jul 13 11:42:17 IST 2026, status=404, error=Not Found, path=/actuator/health/}]
2026-07-13T11:42:17.823+05:30 DEBUG 2956 --- [usersm] [http-nio-8080-exec-3] o.s.web.servlet.DispatcherServlet        : Exiting from "ERROR" dispatch, status 404
2026-07-13T11:43:34.539+05:30  INFO 2956 --- [usersm] [SpringApplicationShutdownHook] o.s.boot.tomcat.GracefulShutdown         : Commencing graceful shutdown. Waiting for active requests to complete
2026-07-13T11:43:36.670+05:30  INFO 2956 --- [usersm] [tomcat-shutdown] o.s.boot.tomcat.GracefulShutdown         : Graceful shutdown complete
2026-07-13T11:43:36.713+05:30  INFO 2956 --- [usersm] [SpringApplicationShutdownHook] j.LocalContainerEntityManagerFactoryBean : Closing JPA EntityManagerFactory for persistence unit 'default'
2026-07-13T11:43:36.838+05:30  INFO 2956 --- [usersm] [SpringApplicationShutdownHook] com.zaxxer.hikari.HikariDataSource       : HikariPool-1 - Shutdown initiated...
2026-07-13T11:43:37.078+05:30  INFO 2956 --- [usersm] [SpringApplicationShutdownHook] com.zaxxer.hikari.HikariDataSource       : HikariPool-1 - Shutdown completed.
2026-07-13T11:44:12.361+05:30  INFO 21492 --- [usersm] [main] com.example.usersm.UsersmApplication     : Starting UsersmApplication using Java 21.0.10 with PID 21492 (C:\Users\test\Documents\JADVJAVA01\springBoot\usersm\target\classes started by test in C:\Users\test\Documents\JADVJAVA01\springBoot\usersm)
2026-07-13T11:44:12.365+05:30 DEBUG 21492 --- [usersm] [main] com.example.usersm.UsersmApplication     : Running with Spring Boot v4.0.6, Spring v7.0.7
2026-07-13T11:44:12.366+05:30  INFO 21492 --- [usersm] [main] com.example.usersm.UsersmApplication     : No active profile set, falling back to 1 default profile: "default"
2026-07-13T11:44:13.694+05:30  INFO 21492 --- [usersm] [main] .s.d.r.c.RepositoryConfigurationDelegate : Bootstrapping Spring Data JPA repositories in DEFAULT mode.
2026-07-13T11:44:13.793+05:30  INFO 21492 --- [usersm] [main] .s.d.r.c.RepositoryConfigurationDelegate : Finished Spring Data repository scanning in 67 ms. Found 3 JPA repository interfaces.
2026-07-13T11:44:14.508+05:30  INFO 21492 --- [usersm] [main] o.s.boot.tomcat.TomcatWebServer          : Tomcat initialized with port 8080 (http)
2026-07-13T11:44:14.533+05:30  INFO 21492 --- [usersm] [main] o.apache.catalina.core.StandardService   : Starting service [Tomcat]
2026-07-13T11:44:14.536+05:30  INFO 21492 --- [usersm] [main] o.apache.catalina.core.StandardEngine    : Starting Servlet engine: [Apache Tomcat/11.0.21]
2026-07-13T11:44:14.611+05:30  INFO 21492 --- [usersm] [main] b.w.c.s.WebApplicationContextInitializer : Root WebApplicationContext: initialization completed in 2162 ms
2026-07-13T11:44:14.782+05:30 DEBUG 21492 --- [usersm] [main] o.s.w.f.ServerHttpObservationFilter      : Filter 'webMvcObservationFilter' configured for use
2026-07-13T11:44:14.933+05:30  INFO 21492 --- [usersm] [main] org.hibernate.orm.jpa                    : HHH008540: Processing PersistenceUnitInfo [name: default]
2026-07-13T11:44:15.002+05:30  INFO 21492 --- [usersm] [main] org.hibernate.orm.core                   : HHH000001: Hibernate ORM core version 7.2.12.Final
2026-07-13T11:44:15.683+05:30  INFO 21492 --- [usersm] [main] o.s.o.j.p.SpringPersistenceUnitInfo      : No LoadTimeWeaver setup: ignoring JPA class transformer
2026-07-13T11:44:15.730+05:30  INFO 21492 --- [usersm] [main] com.zaxxer.hikari.HikariDataSource       : HikariPool-1 - Starting...
2026-07-13T11:44:15.935+05:30  INFO 21492 --- [usersm] [main] com.zaxxer.hikari.pool.HikariPool        : HikariPool-1 - Added connection com.mysql.cj.jdbc.ConnectionImpl@1ab1d93d
2026-07-13T11:44:15.937+05:30  INFO 21492 --- [usersm] [main] com.zaxxer.hikari.HikariDataSource       : HikariPool-1 - Start completed.
2026-07-13T11:44:16.031+05:30  INFO 21492 --- [usersm] [main] org.hibernate.orm.connections.pooling    : HHH10001005: Database info:
	Database JDBC URL [jdbc:mysql://localhost:3306/usersm?allowPublicKeyRetrieval=true&useSSL=false&serverTimezone=UTC]
	Database driver: MySQL Connector/J
	Database dialect: MySQLDialect
	Database version: 8.4.10
	Default catalog/schema: usersm/undefined
	Autocommit mode: undefined/unknown
	Isolation level: REPEATABLE_READ [default REPEATABLE_READ]
	JDBC fetch size: none
	Pool: DataSourceConnectionProvider
	Minimum pool size: undefined/unknown
	Maximum pool size: undefined/unknown
2026-07-13T11:44:17.074+05:30  INFO 21492 --- [usersm] [main] org.hibernate.orm.core                   : HHH000489: No JTA platform available (set 'hibernate.transaction.jta.platform' to enable JTA platform integration)
2026-07-13T11:44:17.169+05:30  INFO 21492 --- [usersm] [main] j.LocalContainerEntityManagerFactoryBean : Initialized JPA EntityManagerFactory for persistence unit 'default'
2026-07-13T11:44:17.272+05:30  INFO 21492 --- [usersm] [main] o.s.d.j.r.query.QueryEnhancerFactories   : Hibernate is in classpath; If applicable, HQL parser will be used.
2026-07-13T11:44:17.510+05:30  WARN 21492 --- [usersm] [main] JpaBaseConfiguration$JpaWebConfiguration : spring.jpa.open-in-view is enabled by default. Therefore, database queries may be performed during view rendering. Explicitly configure spring.jpa.open-in-view to disable this warning
2026-07-13T11:44:17.766+05:30 DEBUG 21492 --- [usersm] [main] s.w.s.m.m.a.RequestMappingHandlerMapping : 18 mappings in 'requestMappingHandlerMapping'
2026-07-13T11:44:17.811+05:30 DEBUG 21492 --- [usersm] [main] o.s.w.s.handler.SimpleUrlHandlerMapping  : Patterns [/webjars/**, /**, /upload/**] in 'resourceHandlerMapping'
2026-07-13T11:44:17.864+05:30 DEBUG 21492 --- [usersm] [main] s.w.s.m.m.a.RequestMappingHandlerAdapter : ControllerAdvice beans: 0 @ModelAttribute, 0 @InitBinder, 2 RequestBodyAdvice, 1 ResponseBodyAdvice
2026-07-13T11:44:17.935+05:30 DEBUG 21492 --- [usersm] [main] .m.m.a.ExceptionHandlerExceptionResolver : ControllerAdvice beans: 1 @ExceptionHandler, 1 ResponseBodyAdvice
2026-07-13T11:44:18.257+05:30  INFO 21492 --- [usersm] [main] o.s.b.a.e.web.EndpointLinksResolver      : Exposing 13 endpoints beneath base path '/actuator'
2026-07-13T11:44:18.375+05:30  INFO 21492 --- [usersm] [main] o.s.boot.tomcat.TomcatWebServer          : Tomcat started on port 8080 (http) with context path '/'
2026-07-13T11:44:18.384+05:30  INFO 21492 --- [usersm] [main] com.example.usersm.UsersmApplication     : Started UsersmApplication in 6.656 seconds (process running for 7.323)
2026-07-13T11:44:26.244+05:30  INFO 21492 --- [usersm] [http-nio-8080-exec-1] o.a.c.c.C.[Tomcat].[localhost].[/]       : Initializing Spring DispatcherServlet 'dispatcherServlet'
2026-07-13T11:44:26.245+05:30  INFO 21492 --- [usersm] [http-nio-8080-exec-1] o.s.web.servlet.DispatcherServlet        : Initializing Servlet 'dispatcherServlet'
2026-07-13T11:44:26.247+05:30 DEBUG 21492 --- [usersm] [http-nio-8080-exec-1] o.s.web.servlet.DispatcherServlet        : Detected StandardServletMultipartResolver
2026-07-13T11:44:26.247+05:30 DEBUG 21492 --- [usersm] [http-nio-8080-exec-1] o.s.web.servlet.DispatcherServlet        : Detected AcceptHeaderLocaleResolver
2026-07-13T11:44:26.253+05:30 DEBUG 21492 --- [usersm] [http-nio-8080-exec-1] o.s.web.servlet.DispatcherServlet        : Detected org.springframework.web.servlet.view.DefaultRequestToViewNameTranslator@35ffe3ac
2026-07-13T11:44:26.255+05:30 DEBUG 21492 --- [usersm] [http-nio-8080-exec-1] o.s.web.servlet.DispatcherServlet        : Detected org.springframework.web.servlet.support.SessionFlashMapManager@77a6aa9f
2026-07-13T11:44:26.259+05:30 DEBUG 21492 --- [usersm] [http-nio-8080-exec-1] o.s.web.servlet.DispatcherServlet        : enableLoggingRequestDetails='false': request parameters and headers will be masked to prevent unsafe logging of potentially sensitive data
2026-07-13T11:44:26.259+05:30  INFO 21492 --- [usersm] [http-nio-8080-exec-1] o.s.web.servlet.DispatcherServlet        : Completed initialization in 12 ms
2026-07-13T11:44:26.335+05:30 DEBUG 21492 --- [usersm] [http-nio-8080-exec-1] o.s.web.servlet.DispatcherServlet        : GET "/actuator/health/", parameters={}
2026-07-13T11:44:26.399+05:30 DEBUG 21492 --- [usersm] [http-nio-8080-exec-1] m.m.a.RequestResponseBodyMethodProcessor : Read "application/octet-stream" to []
2026-07-13T11:44:26.458+05:30 DEBUG 21492 --- [usersm] [http-nio-8080-exec-1] o.s.w.s.m.m.a.HttpEntityMethodProcessor  : Using 'application/vnd.spring-boot.actuator.v3+json', given [*/*] and supported [application/vnd.spring-boot.actuator.v3+json, application/vnd.spring-boot.actuator.v2+json, application/json]
2026-07-13T11:44:26.464+05:30 DEBUG 21492 --- [usersm] [http-nio-8080-exec-1] o.s.w.s.m.m.a.HttpEntityMethodProcessor  : Writing [org.springframework.boot.health.actuate.endpoint.SystemHealthDescriptor@fc077c5]
2026-07-13T11:44:26.587+05:30 DEBUG 21492 --- [usersm] [http-nio-8080-exec-1] o.s.web.servlet.DispatcherServlet        : Completed 200 OK
2026-07-13T11:46:30.743+05:30 DEBUG 21492 --- [usersm] [http-nio-8080-exec-2] o.s.web.servlet.DispatcherServlet        : GET "/actuator/info", parameters={}
2026-07-13T11:46:30.750+05:30 DEBUG 21492 --- [usersm] [http-nio-8080-exec-2] m.m.a.RequestResponseBodyMethodProcessor : Read "application/octet-stream" to []
2026-07-13T11:46:30.772+05:30 DEBUG 21492 --- [usersm] [http-nio-8080-exec-2] m.m.a.RequestResponseBodyMethodProcessor : Using 'application/vnd.spring-boot.actuator.v3+json', given [*/*] and supported [application/vnd.spring-boot.actuator.v3+json, application/vnd.spring-boot.actuator.v2+json, application/json]
2026-07-13T11:46:30.787+05:30 DEBUG 21492 --- [usersm] [http-nio-8080-exec-2] m.m.a.RequestResponseBodyMethodProcessor : Writing [{}]
2026-07-13T11:46:30.886+05:30 DEBUG 21492 --- [usersm] [http-nio-8080-exec-2] o.s.web.servlet.DispatcherServlet        : Completed 200 OK
2026-07-13T11:46:35.433+05:30 DEBUG 21492 --- [usersm] [http-nio-8080-exec-4] o.s.web.servlet.DispatcherServlet        : GET "/actuator/info/", parameters={}
2026-07-13T11:46:35.439+05:30 DEBUG 21492 --- [usersm] [http-nio-8080-exec-4] o.s.w.s.handler.SimpleUrlHandlerMapping  : Mapped to ResourceHttpRequestHandler [classpath [META-INF/resources/], classpath [resources/], classpath [static/], classpath [public/], ServletContext [/]]
2026-07-13T11:46:35.453+05:30 DEBUG 21492 --- [usersm] [http-nio-8080-exec-4] o.s.w.s.r.ResourceHttpRequestHandler     : Resource not found for path [actuator/info]
2026-07-13T11:46:35.456+05:30 DEBUG 21492 --- [usersm] [http-nio-8080-exec-4] .w.s.m.s.DefaultHandlerExceptionResolver : Resolved [org.springframework.web.servlet.resource.NoResourceFoundException: No static resource actuator/info for request '/actuator/info/'.]
2026-07-13T11:46:35.460+05:30 DEBUG 21492 --- [usersm] [http-nio-8080-exec-4] o.s.web.servlet.DispatcherServlet        : Completed 404 NOT_FOUND
2026-07-13T11:46:35.475+05:30 DEBUG 21492 --- [usersm] [http-nio-8080-exec-4] o.s.web.servlet.DispatcherServlet        : "ERROR" dispatch for GET "/error", parameters={}
2026-07-13T11:46:35.480+05:30 DEBUG 21492 --- [usersm] [http-nio-8080-exec-4] s.w.s.m.m.a.RequestMappingHandlerMapping : Mapped to org.springframework.boot.webmvc.autoconfigure.error.BasicErrorController#error(HttpServletRequest)
2026-07-13T11:46:35.497+05:30 DEBUG 21492 --- [usersm] [http-nio-8080-exec-4] o.s.w.s.m.m.a.HttpEntityMethodProcessor  : Using 'application/json', given [*/*] and supported [application/json, application/*+json]
2026-07-13T11:46:35.498+05:30 DEBUG 21492 --- [usersm] [http-nio-8080-exec-4] o.s.w.s.m.m.a.HttpEntityMethodProcessor  : Writing [{timestamp=Mon Jul 13 11:46:35 IST 2026, status=404, error=Not Found, path=/actuator/info/}]
2026-07-13T11:46:35.513+05:30 DEBUG 21492 --- [usersm] [http-nio-8080-exec-4] o.s.web.servlet.DispatcherServlet        : Exiting from "ERROR" dispatch, status 404
2026-07-13T11:46:42.029+05:30 DEBUG 21492 --- [usersm] [http-nio-8080-exec-5] o.s.web.servlet.DispatcherServlet        : GET "/actuator/info", parameters={}
2026-07-13T11:46:42.030+05:30 DEBUG 21492 --- [usersm] [http-nio-8080-exec-5] m.m.a.RequestResponseBodyMethodProcessor : Read "application/octet-stream" to []
2026-07-13T11:46:42.032+05:30 DEBUG 21492 --- [usersm] [http-nio-8080-exec-5] m.m.a.RequestResponseBodyMethodProcessor : Using 'application/vnd.spring-boot.actuator.v3+json', given [*/*] and supported [application/vnd.spring-boot.actuator.v3+json, application/vnd.spring-boot.actuator.v2+json, application/json]
2026-07-13T11:46:42.032+05:30 DEBUG 21492 --- [usersm] [http-nio-8080-exec-5] m.m.a.RequestResponseBodyMethodProcessor : Writing [{}]
2026-07-13T11:46:42.033+05:30 DEBUG 21492 --- [usersm] [http-nio-8080-exec-5] o.s.web.servlet.DispatcherServlet        : Completed 200 OK
2026-07-13T11:47:00.872+05:30 DEBUG 21492 --- [usersm] [http-nio-8080-exec-6] o.s.web.servlet.DispatcherServlet        : GET "/metrics", parameters={}
2026-07-13T11:47:00.874+05:30 DEBUG 21492 --- [usersm] [http-nio-8080-exec-6] o.s.w.s.handler.SimpleUrlHandlerMapping  : Mapped to ResourceHttpRequestHandler [classpath [META-INF/resources/], classpath [resources/], classpath [static/], classpath [public/], ServletContext [/]]
2026-07-13T11:47:00.878+05:30 DEBUG 21492 --- [usersm] [http-nio-8080-exec-6] o.s.w.s.r.ResourceHttpRequestHandler     : Resource not found for path [metrics]
2026-07-13T11:47:00.884+05:30 DEBUG 21492 --- [usersm] [http-nio-8080-exec-6] .w.s.m.s.DefaultHandlerExceptionResolver : Resolved [org.springframework.web.servlet.resource.NoResourceFoundException: No static resource metrics for request '/metrics'.]
2026-07-13T11:47:00.888+05:30 DEBUG 21492 --- [usersm] [http-nio-8080-exec-6] o.s.web.servlet.DispatcherServlet        : Completed 404 NOT_FOUND
2026-07-13T11:47:00.893+05:30 DEBUG 21492 --- [usersm] [http-nio-8080-exec-6] o.s.web.servlet.DispatcherServlet        : "ERROR" dispatch for GET "/error", parameters={}
2026-07-13T11:47:00.895+05:30 DEBUG 21492 --- [usersm] [http-nio-8080-exec-6] s.w.s.m.m.a.RequestMappingHandlerMapping : Mapped to org.springframework.boot.webmvc.autoconfigure.error.BasicErrorController#error(HttpServletRequest)
2026-07-13T11:47:00.897+05:30 DEBUG 21492 --- [usersm] [http-nio-8080-exec-6] o.s.w.s.m.m.a.HttpEntityMethodProcessor  : Using 'application/json', given [*/*] and supported [application/json, application/*+json]
2026-07-13T11:47:00.897+05:30 DEBUG 21492 --- [usersm] [http-nio-8080-exec-6] o.s.w.s.m.m.a.HttpEntityMethodProcessor  : Writing [{timestamp=Mon Jul 13 11:47:00 IST 2026, status=404, error=Not Found, path=/metrics}]
2026-07-13T11:47:00.899+05:30 DEBUG 21492 --- [usersm] [http-nio-8080-exec-6] o.s.web.servlet.DispatcherServlet        : Exiting from "ERROR" dispatch, status 404
2026-07-13T11:47:08.866+05:30 DEBUG 21492 --- [usersm] [http-nio-8080-exec-7] o.s.web.servlet.DispatcherServlet        : GET "/actuator/info", parameters={}
2026-07-13T11:47:08.867+05:30 DEBUG 21492 --- [usersm] [http-nio-8080-exec-7] m.m.a.RequestResponseBodyMethodProcessor : Read "application/octet-stream" to []
2026-07-13T11:47:08.867+05:30 DEBUG 21492 --- [usersm] [http-nio-8080-exec-7] m.m.a.RequestResponseBodyMethodProcessor : Using 'application/vnd.spring-boot.actuator.v3+json', given [*/*] and supported [application/vnd.spring-boot.actuator.v3+json, application/vnd.spring-boot.actuator.v2+json, application/json]
2026-07-13T11:47:08.867+05:30 DEBUG 21492 --- [usersm] [http-nio-8080-exec-7] m.m.a.RequestResponseBodyMethodProcessor : Writing [{}]
2026-07-13T11:47:08.868+05:30 DEBUG 21492 --- [usersm] [http-nio-8080-exec-7] o.s.web.servlet.DispatcherServlet        : Completed 200 OK
2026-07-13T11:47:13.426+05:30 DEBUG 21492 --- [usersm] [http-nio-8080-exec-8] o.s.web.servlet.DispatcherServlet        : GET "/actuator/metrics", parameters={}
2026-07-13T11:47:13.427+05:30 DEBUG 21492 --- [usersm] [http-nio-8080-exec-8] m.m.a.RequestResponseBodyMethodProcessor : Read "application/octet-stream" to []
2026-07-13T11:47:13.427+05:30 DEBUG 21492 --- [usersm] [http-nio-8080-exec-8] m.m.a.RequestResponseBodyMethodProcessor : Using 'application/vnd.spring-boot.actuator.v3+json', given [*/*] and supported [application/vnd.spring-boot.actuator.v3+json, application/vnd.spring-boot.actuator.v2+json, application/json]
2026-07-13T11:47:13.429+05:30 DEBUG 21492 --- [usersm] [http-nio-8080-exec-8] m.m.a.RequestResponseBodyMethodProcessor : Writing [org.springframework.boot.micrometer.metrics.actuate.endpoint.MetricsEndpoint$MetricNamesDescriptor@1 (truncated)...]
2026-07-13T11:47:13.430+05:30 DEBUG 21492 --- [usersm] [http-nio-8080-exec-8] o.s.web.servlet.DispatcherServlet        : Completed 200 OK
2026-07-13T11:47:41.238+05:30 DEBUG 21492 --- [usersm] [http-nio-8080-exec-9] o.s.web.servlet.DispatcherServlet        : GET "/actuator/env", parameters={}
2026-07-13T11:47:41.239+05:30 DEBUG 21492 --- [usersm] [http-nio-8080-exec-9] m.m.a.RequestResponseBodyMethodProcessor : Read "application/octet-stream" to []
2026-07-13T11:47:41.251+05:30 DEBUG 21492 --- [usersm] [http-nio-8080-exec-9] m.m.a.RequestResponseBodyMethodProcessor : Using 'application/vnd.spring-boot.actuator.v3+json', given [*/*] and supported [application/vnd.spring-boot.actuator.v3+json, application/vnd.spring-boot.actuator.v2+json, application/json]
2026-07-13T11:47:41.256+05:30 DEBUG 21492 --- [usersm] [http-nio-8080-exec-9] m.m.a.RequestResponseBodyMethodProcessor : Writing [org.springframework.boot.actuate.env.EnvironmentEndpoint$EnvironmentDescriptor@5a00b523]
2026-07-13T11:47:41.287+05:30 DEBUG 21492 --- [usersm] [http-nio-8080-exec-9] o.s.web.servlet.DispatcherServlet        : Completed 200 OK
2026-07-13T11:48:42.135+05:30 DEBUG 21492 --- [usersm] [http-nio-8080-exec-1] o.s.web.servlet.DispatcherServlet        : GET "/actuator/beans", parameters={}
2026-07-13T11:48:42.137+05:30 DEBUG 21492 --- [usersm] [http-nio-8080-exec-1] m.m.a.RequestResponseBodyMethodProcessor : Read "application/octet-stream" to []
2026-07-13T11:48:42.146+05:30 DEBUG 21492 --- [usersm] [http-nio-8080-exec-1] m.m.a.RequestResponseBodyMethodProcessor : Using 'application/vnd.spring-boot.actuator.v3+json', given [*/*] and supported [application/vnd.spring-boot.actuator.v3+json, application/vnd.spring-boot.actuator.v2+json, application/json]
2026-07-13T11:48:42.147+05:30 DEBUG 21492 --- [usersm] [http-nio-8080-exec-1] m.m.a.RequestResponseBodyMethodProcessor : Writing [org.springframework.boot.actuate.beans.BeansEndpoint$BeansDescriptor@68caa556]
2026-07-13T11:48:42.178+05:30 DEBUG 21492 --- [usersm] [http-nio-8080-exec-1] o.s.web.servlet.DispatcherServlet        : Completed 200 OK
2026-07-13T11:49:32.938+05:30 DEBUG 21492 --- [usersm] [http-nio-8080-exec-3] o.s.web.servlet.DispatcherServlet        : GET "/actuator/mappings", parameters={}
2026-07-13T11:49:32.942+05:30 DEBUG 21492 --- [usersm] [http-nio-8080-exec-3] m.m.a.RequestResponseBodyMethodProcessor : Read "application/octet-stream" to []
2026-07-13T11:49:32.989+05:30 DEBUG 21492 --- [usersm] [http-nio-8080-exec-3] m.m.a.RequestResponseBodyMethodProcessor : Using 'application/vnd.spring-boot.actuator.v3+json', given [*/*] and supported [application/vnd.spring-boot.actuator.v3+json, application/vnd.spring-boot.actuator.v2+json, application/json]
2026-07-13T11:49:32.992+05:30 DEBUG 21492 --- [usersm] [http-nio-8080-exec-3] m.m.a.RequestResponseBodyMethodProcessor : Writing [org.springframework.boot.actuate.web.mappings.MappingsEndpoint$ApplicationMappingsDescriptor@3a8f2f4 (truncated)...]
2026-07-13T11:49:33.075+05:30 DEBUG 21492 --- [usersm] [http-nio-8080-exec-3] o.s.web.servlet.DispatcherServlet        : Completed 200 OK
2026-07-13T11:58:08.439+05:30  INFO 21492 --- [usersm] [SpringApplicationShutdownHook] o.s.boot.tomcat.GracefulShutdown         : Commencing graceful shutdown. Waiting for active requests to complete
2026-07-13T11:58:08.446+05:30  INFO 21492 --- [usersm] [tomcat-shutdown] o.s.boot.tomcat.GracefulShutdown         : Graceful shutdown complete
2026-07-13T11:58:08.452+05:30  INFO 21492 --- [usersm] [SpringApplicationShutdownHook] j.LocalContainerEntityManagerFactoryBean : Closing JPA EntityManagerFactory for persistence unit 'default'
2026-07-13T11:58:08.455+05:30  INFO 21492 --- [usersm] [SpringApplicationShutdownHook] com.zaxxer.hikari.HikariDataSource       : HikariPool-1 - Shutdown initiated...
2026-07-13T11:58:08.476+05:30  INFO 21492 --- [usersm] [SpringApplicationShutdownHook] com.zaxxer.hikari.HikariDataSource       : HikariPool-1 - Shutdown completed.
2026-07-13T11:59:19.453+05:30  INFO 21004 --- [usersm] [main] com.example.usersm.UsersmApplication     : Starting UsersmApplication using Java 21.0.10 with PID 21004 (C:\Users\test\Documents\JADVJAVA01\springBoot\usersm\target\classes started by test in C:\Users\test\Documents\JADVJAVA01\springBoot\usersm)
2026-07-13T11:59:19.457+05:30 DEBUG 21004 --- [usersm] [main] com.example.usersm.UsersmApplication     : Running with Spring Boot v4.0.6, Spring v7.0.7
2026-07-13T11:59:19.458+05:30  INFO 21004 --- [usersm] [main] com.example.usersm.UsersmApplication     : The following 1 profile is active: "dev"
2026-07-13T11:59:20.594+05:30  INFO 21004 --- [usersm] [main] .s.d.r.c.RepositoryConfigurationDelegate : Bootstrapping Spring Data JPA repositories in DEFAULT mode.
2026-07-13T11:59:20.709+05:30  INFO 21004 --- [usersm] [main] .s.d.r.c.RepositoryConfigurationDelegate : Finished Spring Data repository scanning in 104 ms. Found 3 JPA repository interfaces.
2026-07-13T11:59:21.362+05:30  INFO 21004 --- [usersm] [main] o.s.boot.tomcat.TomcatWebServer          : Tomcat initialized with port 8081 (http)
2026-07-13T11:59:21.380+05:30  INFO 21004 --- [usersm] [main] o.apache.catalina.core.StandardService   : Starting service [Tomcat]
2026-07-13T11:59:21.382+05:30  INFO 21004 --- [usersm] [main] o.apache.catalina.core.StandardEngine    : Starting Servlet engine: [Apache Tomcat/11.0.21]
2026-07-13T11:59:21.479+05:30  INFO 21004 --- [usersm] [main] b.w.c.s.WebApplicationContextInitializer : Root WebApplicationContext: initialization completed in 1942 ms
2026-07-13T11:59:21.632+05:30 DEBUG 21004 --- [usersm] [main] o.s.w.f.ServerHttpObservationFilter      : Filter 'webMvcObservationFilter' configured for use
2026-07-13T11:59:21.768+05:30  INFO 21004 --- [usersm] [main] org.hibernate.orm.jpa                    : HHH008540: Processing PersistenceUnitInfo [name: default]
2026-07-13T11:59:21.830+05:30  INFO 21004 --- [usersm] [main] org.hibernate.orm.core                   : HHH000001: Hibernate ORM core version 7.2.12.Final
2026-07-13T11:59:22.583+05:30  INFO 21004 --- [usersm] [main] o.s.o.j.p.SpringPersistenceUnitInfo      : No LoadTimeWeaver setup: ignoring JPA class transformer
2026-07-13T11:59:22.652+05:30  INFO 21004 --- [usersm] [main] com.zaxxer.hikari.HikariDataSource       : HikariPool-1 - Starting...
2026-07-13T11:59:22.854+05:30  INFO 21004 --- [usersm] [main] com.zaxxer.hikari.pool.HikariPool        : HikariPool-1 - Added connection com.mysql.cj.jdbc.ConnectionImpl@4cfe9594
2026-07-13T11:59:22.855+05:30  INFO 21004 --- [usersm] [main] com.zaxxer.hikari.HikariDataSource       : HikariPool-1 - Start completed.
2026-07-13T11:59:22.947+05:30  INFO 21004 --- [usersm] [main] org.hibernate.orm.connections.pooling    : HHH10001005: Database info:
	Database JDBC URL [jdbc:mysql://localhost:3306/usersm?allowPublicKeyRetrieval=true&useSSL=false&serverTimezone=UTC]
	Database driver: MySQL Connector/J
	Database dialect: MySQLDialect
	Database version: 8.4.10
	Default catalog/schema: usersm/undefined
	Autocommit mode: undefined/unknown
	Isolation level: REPEATABLE_READ [default REPEATABLE_READ]
	JDBC fetch size: none
	Pool: DataSourceConnectionProvider
	Minimum pool size: undefined/unknown
	Maximum pool size: undefined/unknown
2026-07-13T11:59:24.154+05:30  INFO 21004 --- [usersm] [main] org.hibernate.orm.core                   : HHH000489: No JTA platform available (set 'hibernate.transaction.jta.platform' to enable JTA platform integration)
2026-07-13T11:59:24.301+05:30  INFO 21004 --- [usersm] [main] j.LocalContainerEntityManagerFactoryBean : Initialized JPA EntityManagerFactory for persistence unit 'default'
2026-07-13T11:59:24.408+05:30  INFO 21004 --- [usersm] [main] o.s.d.j.r.query.QueryEnhancerFactories   : Hibernate is in classpath; If applicable, HQL parser will be used.
2026-07-13T11:59:24.696+05:30  WARN 21004 --- [usersm] [main] JpaBaseConfiguration$JpaWebConfiguration : spring.jpa.open-in-view is enabled by default. Therefore, database queries may be performed during view rendering. Explicitly configure spring.jpa.open-in-view to disable this warning
2026-07-13T11:59:24.948+05:30 DEBUG 21004 --- [usersm] [main] s.w.s.m.m.a.RequestMappingHandlerMapping : 18 mappings in 'requestMappingHandlerMapping'
2026-07-13T11:59:24.979+05:30 DEBUG 21004 --- [usersm] [main] o.s.w.s.handler.SimpleUrlHandlerMapping  : Patterns [/webjars/**, /**, /upload/**] in 'resourceHandlerMapping'
2026-07-13T11:59:25.042+05:30 DEBUG 21004 --- [usersm] [main] s.w.s.m.m.a.RequestMappingHandlerAdapter : ControllerAdvice beans: 0 @ModelAttribute, 0 @InitBinder, 2 RequestBodyAdvice, 1 ResponseBodyAdvice
2026-07-13T11:59:25.124+05:30 DEBUG 21004 --- [usersm] [main] .m.m.a.ExceptionHandlerExceptionResolver : ControllerAdvice beans: 1 @ExceptionHandler, 1 ResponseBodyAdvice
2026-07-13T11:59:25.445+05:30  INFO 21004 --- [usersm] [main] o.s.b.a.e.web.EndpointLinksResolver      : Exposing 13 endpoints beneath base path '/actuator'
2026-07-13T11:59:25.551+05:30  INFO 21004 --- [usersm] [main] o.s.boot.tomcat.TomcatWebServer          : Tomcat started on port 8081 (http) with context path '/'
2026-07-13T11:59:25.568+05:30  INFO 21004 --- [usersm] [main] com.example.usersm.UsersmApplication     : Started UsersmApplication in 6.823 seconds (process running for 7.602)
2026-07-13T11:59:40.599+05:30  INFO 21004 --- [usersm] [http-nio-8081-exec-2] o.a.c.c.C.[Tomcat].[localhost].[/]       : Initializing Spring DispatcherServlet 'dispatcherServlet'
2026-07-13T11:59:40.601+05:30  INFO 21004 --- [usersm] [http-nio-8081-exec-2] o.s.web.servlet.DispatcherServlet        : Initializing Servlet 'dispatcherServlet'
2026-07-13T11:59:40.601+05:30 DEBUG 21004 --- [usersm] [http-nio-8081-exec-2] o.s.web.servlet.DispatcherServlet        : Detected StandardServletMultipartResolver
2026-07-13T11:59:40.601+05:30 DEBUG 21004 --- [usersm] [http-nio-8081-exec-2] o.s.web.servlet.DispatcherServlet        : Detected AcceptHeaderLocaleResolver
2026-07-13T11:59:40.612+05:30 DEBUG 21004 --- [usersm] [http-nio-8081-exec-2] o.s.web.servlet.DispatcherServlet        : Detected org.springframework.web.servlet.view.DefaultRequestToViewNameTranslator@20183e2d
2026-07-13T11:59:40.615+05:30 DEBUG 21004 --- [usersm] [http-nio-8081-exec-2] o.s.web.servlet.DispatcherServlet        : Detected org.springframework.web.servlet.support.SessionFlashMapManager@589cc8eb
2026-07-13T11:59:40.616+05:30 DEBUG 21004 --- [usersm] [http-nio-8081-exec-2] o.s.web.servlet.DispatcherServlet        : enableLoggingRequestDetails='false': request parameters and headers will be masked to prevent unsafe logging of potentially sensitive data
2026-07-13T11:59:40.625+05:30  INFO 21004 --- [usersm] [http-nio-8081-exec-2] o.s.web.servlet.DispatcherServlet        : Completed initialization in 24 ms
2026-07-13T11:59:40.917+05:30 DEBUG 21004 --- [usersm] [http-nio-8081-exec-2] o.s.web.servlet.DispatcherServlet        : GET "/actuator/mappings", parameters={}
2026-07-13T11:59:41.148+05:30 DEBUG 21004 --- [usersm] [http-nio-8081-exec-2] m.m.a.RequestResponseBodyMethodProcessor : Read "application/octet-stream" to []
2026-07-13T11:59:41.202+05:30 DEBUG 21004 --- [usersm] [http-nio-8081-exec-2] m.m.a.RequestResponseBodyMethodProcessor : Using 'application/vnd.spring-boot.actuator.v3+json', given [*/*] and supported [application/vnd.spring-boot.actuator.v3+json, application/vnd.spring-boot.actuator.v2+json, application/json]
2026-07-13T11:59:41.206+05:30 DEBUG 21004 --- [usersm] [http-nio-8081-exec-2] m.m.a.RequestResponseBodyMethodProcessor : Writing [org.springframework.boot.actuate.web.mappings.MappingsEndpoint$ApplicationMappingsDescriptor@1a9cc84 (truncated)...]
2026-07-13T11:59:41.464+05:30 DEBUG 21004 --- [usersm] [http-nio-8081-exec-2] o.s.web.servlet.DispatcherServlet        : Completed 200 OK
2026-07-13T11:59:46.194+05:30  INFO 21004 --- [usersm] [SpringApplicationShutdownHook] o.s.boot.tomcat.GracefulShutdown         : Commencing graceful shutdown. Waiting for active requests to complete
2026-07-13T11:59:46.205+05:30  INFO 21004 --- [usersm] [tomcat-shutdown] o.s.boot.tomcat.GracefulShutdown         : Graceful shutdown complete
2026-07-13T11:59:46.211+05:30  INFO 21004 --- [usersm] [SpringApplicationShutdownHook] j.LocalContainerEntityManagerFactoryBean : Closing JPA EntityManagerFactory for persistence unit 'default'
2026-07-13T11:59:46.215+05:30  INFO 21004 --- [usersm] [SpringApplicationShutdownHook] com.zaxxer.hikari.HikariDataSource       : HikariPool-1 - Shutdown initiated...
2026-07-13T11:59:46.226+05:30  INFO 21004 --- [usersm] [SpringApplicationShutdownHook] com.zaxxer.hikari.HikariDataSource       : HikariPool-1 - Shutdown completed.
2026-07-13T12:00:04.344+05:30  INFO 1484 --- [usersm] [main] com.example.usersm.UsersmApplication     : Starting UsersmApplication using Java 21.0.10 with PID 1484 (C:\Users\test\Documents\JADVJAVA01\springBoot\usersm\target\classes started by test in C:\Users\test\Documents\JADVJAVA01\springBoot\usersm)
2026-07-13T12:00:04.346+05:30 DEBUG 1484 --- [usersm] [main] com.example.usersm.UsersmApplication     : Running with Spring Boot v4.0.6, Spring v7.0.7
2026-07-13T12:00:04.347+05:30  INFO 1484 --- [usersm] [main] com.example.usersm.UsersmApplication     : The following 1 profile is active: "prod"
2026-07-13T12:00:05.516+05:30  INFO 1484 --- [usersm] [main] .s.d.r.c.RepositoryConfigurationDelegate : Bootstrapping Spring Data JPA repositories in DEFAULT mode.
2026-07-13T12:00:05.595+05:30  INFO 1484 --- [usersm] [main] .s.d.r.c.RepositoryConfigurationDelegate : Finished Spring Data repository scanning in 68 ms. Found 3 JPA repository interfaces.
2026-07-13T12:00:06.278+05:30  INFO 1484 --- [usersm] [main] o.s.boot.tomcat.TomcatWebServer          : Tomcat initialized with port 8080 (http)
2026-07-13T12:00:06.305+05:30  INFO 1484 --- [usersm] [main] o.apache.catalina.core.StandardService   : Starting service [Tomcat]
2026-07-13T12:00:06.306+05:30  INFO 1484 --- [usersm] [main] o.apache.catalina.core.StandardEngine    : Starting Servlet engine: [Apache Tomcat/11.0.21]
2026-07-13T12:00:06.385+05:30  INFO 1484 --- [usersm] [main] b.w.c.s.WebApplicationContextInitializer : Root WebApplicationContext: initialization completed in 1956 ms
2026-07-13T12:00:06.546+05:30 DEBUG 1484 --- [usersm] [main] o.s.w.f.ServerHttpObservationFilter      : Filter 'webMvcObservationFilter' configured for use
2026-07-13T12:00:06.700+05:30  INFO 1484 --- [usersm] [main] org.hibernate.orm.jpa                    : HHH008540: Processing PersistenceUnitInfo [name: default]
2026-07-13T12:00:06.782+05:30  INFO 1484 --- [usersm] [main] org.hibernate.orm.core                   : HHH000001: Hibernate ORM core version 7.2.12.Final
2026-07-13T12:00:07.539+05:30  INFO 1484 --- [usersm] [main] o.s.o.j.p.SpringPersistenceUnitInfo      : No LoadTimeWeaver setup: ignoring JPA class transformer
2026-07-13T12:00:07.603+05:30  INFO 1484 --- [usersm] [main] com.zaxxer.hikari.HikariDataSource       : HikariPool-1 - Starting...
2026-07-13T12:00:07.819+05:30  INFO 1484 --- [usersm] [main] com.zaxxer.hikari.pool.HikariPool        : HikariPool-1 - Added connection com.mysql.cj.jdbc.ConnectionImpl@602c167e
2026-07-13T12:00:07.820+05:30  INFO 1484 --- [usersm] [main] com.zaxxer.hikari.HikariDataSource       : HikariPool-1 - Start completed.
2026-07-13T12:00:07.916+05:30  INFO 1484 --- [usersm] [main] org.hibernate.orm.connections.pooling    : HHH10001005: Database info:
	Database JDBC URL [jdbc:mysql://localhost:3306/usersm?allowPublicKeyRetrieval=true&useSSL=false&serverTimezone=UTC]
	Database driver: MySQL Connector/J
	Database dialect: MySQLDialect
	Database version: 8.4.10
	Default catalog/schema: usersm/undefined
	Autocommit mode: undefined/unknown
	Isolation level: REPEATABLE_READ [default REPEATABLE_READ]
	JDBC fetch size: none
	Pool: DataSourceConnectionProvider
	Minimum pool size: undefined/unknown
	Maximum pool size: undefined/unknown
2026-07-13T12:00:08.904+05:30  INFO 1484 --- [usersm] [main] org.hibernate.orm.core                   : HHH000489: No JTA platform available (set 'hibernate.transaction.jta.platform' to enable JTA platform integration)
2026-07-13T12:00:09.004+05:30  INFO 1484 --- [usersm] [main] j.LocalContainerEntityManagerFactoryBean : Initialized JPA EntityManagerFactory for persistence unit 'default'
2026-07-13T12:00:09.116+05:30  INFO 1484 --- [usersm] [main] o.s.d.j.r.query.QueryEnhancerFactories   : Hibernate is in classpath; If applicable, HQL parser will be used.
2026-07-13T12:00:09.405+05:30  WARN 1484 --- [usersm] [main] JpaBaseConfiguration$JpaWebConfiguration : spring.jpa.open-in-view is enabled by default. Therefore, database queries may be performed during view rendering. Explicitly configure spring.jpa.open-in-view to disable this warning
2026-07-13T12:00:09.663+05:30 DEBUG 1484 --- [usersm] [main] s.w.s.m.m.a.RequestMappingHandlerMapping : 18 mappings in 'requestMappingHandlerMapping'
2026-07-13T12:00:09.696+05:30 DEBUG 1484 --- [usersm] [main] o.s.w.s.handler.SimpleUrlHandlerMapping  : Patterns [/webjars/**, /**, /upload/**] in 'resourceHandlerMapping'
2026-07-13T12:00:09.764+05:30 DEBUG 1484 --- [usersm] [main] s.w.s.m.m.a.RequestMappingHandlerAdapter : ControllerAdvice beans: 0 @ModelAttribute, 0 @InitBinder, 2 RequestBodyAdvice, 1 ResponseBodyAdvice
2026-07-13T12:00:09.836+05:30 DEBUG 1484 --- [usersm] [main] .m.m.a.ExceptionHandlerExceptionResolver : ControllerAdvice beans: 1 @ExceptionHandler, 1 ResponseBodyAdvice
2026-07-13T12:00:10.161+05:30  INFO 1484 --- [usersm] [main] o.s.b.a.e.web.EndpointLinksResolver      : Exposing 13 endpoints beneath base path '/actuator'
2026-07-13T12:00:10.281+05:30  INFO 1484 --- [usersm] [main] o.s.boot.tomcat.TomcatWebServer          : Tomcat started on port 8080 (http) with context path '/'
2026-07-13T12:00:10.290+05:30  INFO 1484 --- [usersm] [main] com.example.usersm.UsersmApplication     : Started UsersmApplication in 6.586 seconds (process running for 7.308)
2026-07-13T12:00:24.658+05:30  INFO 1484 --- [usersm] [http-nio-8080-exec-1] o.a.c.c.C.[Tomcat].[localhost].[/]       : Initializing Spring DispatcherServlet 'dispatcherServlet'
2026-07-13T12:00:24.658+05:30  INFO 1484 --- [usersm] [http-nio-8080-exec-1] o.s.web.servlet.DispatcherServlet        : Initializing Servlet 'dispatcherServlet'
2026-07-13T12:00:24.659+05:30 DEBUG 1484 --- [usersm] [http-nio-8080-exec-1] o.s.web.servlet.DispatcherServlet        : Detected StandardServletMultipartResolver
2026-07-13T12:00:24.659+05:30 DEBUG 1484 --- [usersm] [http-nio-8080-exec-1] o.s.web.servlet.DispatcherServlet        : Detected AcceptHeaderLocaleResolver
2026-07-13T12:00:24.673+05:30 DEBUG 1484 --- [usersm] [http-nio-8080-exec-1] o.s.web.servlet.DispatcherServlet        : Detected org.springframework.web.servlet.view.DefaultRequestToViewNameTranslator@72b60be8
2026-07-13T12:00:24.684+05:30 DEBUG 1484 --- [usersm] [http-nio-8080-exec-1] o.s.web.servlet.DispatcherServlet        : Detected org.springframework.web.servlet.support.SessionFlashMapManager@270a3cef
2026-07-13T12:00:24.688+05:30 DEBUG 1484 --- [usersm] [http-nio-8080-exec-1] o.s.web.servlet.DispatcherServlet        : enableLoggingRequestDetails='false': request parameters and headers will be masked to prevent unsafe logging of potentially sensitive data
2026-07-13T12:00:24.690+05:30  INFO 1484 --- [usersm] [http-nio-8080-exec-1] o.s.web.servlet.DispatcherServlet        : Completed initialization in 30 ms
2026-07-13T12:00:24.759+05:30 DEBUG 1484 --- [usersm] [http-nio-8080-exec-1] o.s.web.servlet.DispatcherServlet        : GET "/actuator/mappings", parameters={}
2026-07-13T12:00:24.840+05:30 DEBUG 1484 --- [usersm] [http-nio-8080-exec-1] m.m.a.RequestResponseBodyMethodProcessor : Read "application/octet-stream" to []
2026-07-13T12:00:24.907+05:30 DEBUG 1484 --- [usersm] [http-nio-8080-exec-1] m.m.a.RequestResponseBodyMethodProcessor : Using 'application/vnd.spring-boot.actuator.v3+json', given [*/*] and supported [application/vnd.spring-boot.actuator.v3+json, application/vnd.spring-boot.actuator.v2+json, application/json]
2026-07-13T12:00:24.908+05:30 DEBUG 1484 --- [usersm] [http-nio-8080-exec-1] m.m.a.RequestResponseBodyMethodProcessor : Writing [org.springframework.boot.actuate.web.mappings.MappingsEndpoint$ApplicationMappingsDescriptor@c1ae94d]
2026-07-13T12:00:25.069+05:30 DEBUG 1484 --- [usersm] [http-nio-8080-exec-1] o.s.web.servlet.DispatcherServlet        : Completed 200 OK
2026-07-13T13:36:34.879+05:30  INFO 1484 --- [usersm] [SpringApplicationShutdownHook] o.s.boot.tomcat.GracefulShutdown         : Commencing graceful shutdown. Waiting for active requests to complete
2026-07-13T13:36:34.906+05:30  INFO 1484 --- [usersm] [tomcat-shutdown] o.s.boot.tomcat.GracefulShutdown         : Graceful shutdown complete
2026-07-13T13:36:34.947+05:30  INFO 1484 --- [usersm] [SpringApplicationShutdownHook] j.LocalContainerEntityManagerFactoryBean : Closing JPA EntityManagerFactory for persistence unit 'default'
2026-07-13T13:36:34.987+05:30  INFO 1484 --- [usersm] [SpringApplicationShutdownHook] com.zaxxer.hikari.HikariDataSource       : HikariPool-1 - Shutdown initiated...
2026-07-13T13:36:35.001+05:30  INFO 1484 --- [usersm] [SpringApplicationShutdownHook] com.zaxxer.hikari.HikariDataSource       : HikariPool-1 - Shutdown completed.
