2026-08-31T10:49:11.468+05:30  INFO 19828 --- [usersm] [main] com.example.usersm.UsersmApplication     : Starting UsersmApplication using Java 21.0.10 with PID 19828 (C:\Users\test\Documents\JADVJAVA01\springBoot\usersm\target\classes started by test in C:\Users\test\Documents\JADVJAVA01\springBoot\usersm)
2026-08-31T10:49:11.482+05:30 DEBUG 19828 --- [usersm] [main] com.example.usersm.UsersmApplication     : Running with Spring Boot v4.0.6, Spring v7.0.7
2026-08-31T10:49:11.489+05:30  INFO 19828 --- [usersm] [main] com.example.usersm.UsersmApplication     : The following 1 profile is active: "prod"
2026-08-31T10:49:14.387+05:30  INFO 19828 --- [usersm] [main] .s.d.r.c.RepositoryConfigurationDelegate : Multiple Spring Data modules found, entering strict repository configuration mode
2026-08-31T10:49:14.392+05:30  INFO 19828 --- [usersm] [main] .s.d.r.c.RepositoryConfigurationDelegate : Bootstrapping Spring Data JPA repositories in DEFAULT mode.
2026-08-31T10:49:14.834+05:30  INFO 19828 --- [usersm] [main] .s.d.r.c.RepositoryConfigurationDelegate : Finished Spring Data repository scanning in 394 ms. Found 5 JPA repository interfaces.
2026-08-31T10:49:14.881+05:30  INFO 19828 --- [usersm] [main] .s.d.r.c.RepositoryConfigurationDelegate : Multiple Spring Data modules found, entering strict repository configuration mode
2026-08-31T10:49:14.885+05:30  INFO 19828 --- [usersm] [main] .s.d.r.c.RepositoryConfigurationDelegate : Bootstrapping Spring Data Redis repositories in DEFAULT mode.
2026-08-31T10:49:14.948+05:30  INFO 19828 --- [usersm] [main] .RepositoryConfigurationExtensionSupport : Spring Data Redis - Could not safely identify store assignment for repository candidate interface com.example.usersm.Repository.AuditRepository; If you want this repository to be a Redis repository, consider annotating your entities with one of these annotations: org.springframework.data.redis.core.RedisHash (preferred), or consider extending one of the following types with your repository: org.springframework.data.keyvalue.repository.KeyValueRepository
2026-08-31T10:49:14.950+05:30  INFO 19828 --- [usersm] [main] .RepositoryConfigurationExtensionSupport : Spring Data Redis - Could not safely identify store assignment for repository candidate interface com.example.usersm.Repository.CategoryRepositry; If you want this repository to be a Redis repository, consider annotating your entities with one of these annotations: org.springframework.data.redis.core.RedisHash (preferred), or consider extending one of the following types with your repository: org.springframework.data.keyvalue.repository.KeyValueRepository
2026-08-31T10:49:14.952+05:30  INFO 19828 --- [usersm] [main] .RepositoryConfigurationExtensionSupport : Spring Data Redis - Could not safely identify store assignment for repository candidate interface com.example.usersm.Repository.ProductRepositry; If you want this repository to be a Redis repository, consider annotating your entities with one of these annotations: org.springframework.data.redis.core.RedisHash (preferred), or consider extending one of the following types with your repository: org.springframework.data.keyvalue.repository.KeyValueRepository
2026-08-31T10:49:14.956+05:30  INFO 19828 --- [usersm] [main] .RepositoryConfigurationExtensionSupport : Spring Data Redis - Could not safely identify store assignment for repository candidate interface com.example.usersm.Repository.RefreshTokenRepository; If you want this repository to be a Redis repository, consider annotating your entities with one of these annotations: org.springframework.data.redis.core.RedisHash (preferred), or consider extending one of the following types with your repository: org.springframework.data.keyvalue.repository.KeyValueRepository
2026-08-31T10:49:14.960+05:30  INFO 19828 --- [usersm] [main] .RepositoryConfigurationExtensionSupport : Spring Data Redis - Could not safely identify store assignment for repository candidate interface com.example.usersm.Repository.UserRepostory; If you want this repository to be a Redis repository, consider annotating your entities with one of these annotations: org.springframework.data.redis.core.RedisHash (preferred), or consider extending one of the following types with your repository: org.springframework.data.keyvalue.repository.KeyValueRepository
2026-08-31T10:49:14.973+05:30  INFO 19828 --- [usersm] [main] .s.d.r.c.RepositoryConfigurationDelegate : Finished Spring Data repository scanning in 51 ms. Found 0 Redis repository interfaces.
2026-08-31T10:49:16.981+05:30  INFO 19828 --- [usersm] [main] o.s.boot.tomcat.TomcatWebServer          : Tomcat initialized with port 8080 (http)
2026-08-31T10:49:17.005+05:30  INFO 19828 --- [usersm] [main] o.apache.catalina.core.StandardService   : Starting service [Tomcat]
2026-08-31T10:49:17.006+05:30  INFO 19828 --- [usersm] [main] o.apache.catalina.core.StandardEngine    : Starting Servlet engine: [Apache Tomcat/11.0.21]
2026-08-31T10:49:17.171+05:30  INFO 19828 --- [usersm] [main] b.w.c.s.WebApplicationContextInitializer : Root WebApplicationContext: initialization completed in 5517 ms
2026-08-31T10:49:17.900+05:30  INFO 19828 --- [usersm] [main] org.hibernate.orm.jpa                    : HHH008540: Processing PersistenceUnitInfo [name: default]
2026-08-31T10:49:18.031+05:30  INFO 19828 --- [usersm] [main] org.hibernate.orm.core                   : HHH000001: Hibernate ORM core version 7.2.12.Final
2026-08-31T10:49:18.918+05:30  INFO 19828 --- [usersm] [main] o.s.o.j.p.SpringPersistenceUnitInfo      : No LoadTimeWeaver setup: ignoring JPA class transformer
2026-08-31T10:49:19.001+05:30  INFO 19828 --- [usersm] [main] com.zaxxer.hikari.HikariDataSource       : HikariPool-1 - Starting...
2026-08-31T10:49:19.378+05:30  INFO 19828 --- [usersm] [main] com.zaxxer.hikari.pool.HikariPool        : HikariPool-1 - Added connection com.mysql.cj.jdbc.ConnectionImpl@75b3ef1a
2026-08-31T10:49:19.382+05:30  INFO 19828 --- [usersm] [main] com.zaxxer.hikari.HikariDataSource       : HikariPool-1 - Start completed.
2026-08-31T10:49:19.545+05:30  INFO 19828 --- [usersm] [main] org.hibernate.orm.connections.pooling    : HHH10001005: Database info:
	Database JDBC URL [jdbc:mysql://localhost:3306/usersm?allowPublicKeyRetrieval=true&useSSL=false&serverTimezone=UTC]
	Database driver: MySQL Connector/J
	Database dialect: MySQLDialect
	Database version: 8.4.10
	Default catalog/schema: usersm/undefined
	Autocommit mode: undefined/unknown
	Isolation level: REPEATABLE_READ [default REPEATABLE_READ]
	JDBC fetch size: none
	Pool: DataSourceConnectionProvider
	Minimum pool size: undefined/unknown
	Maximum pool size: undefined/unknown
2026-08-31T10:49:21.542+05:30  INFO 19828 --- [usersm] [main] org.hibernate.orm.core                   : HHH000489: No JTA platform available (set 'hibernate.transaction.jta.platform' to enable JTA platform integration)
2026-08-31T10:49:21.685+05:30  INFO 19828 --- [usersm] [main] j.LocalContainerEntityManagerFactoryBean : Initialized JPA EntityManagerFactory for persistence unit 'default'
2026-08-31T10:49:21.842+05:30  INFO 19828 --- [usersm] [main] o.s.d.j.r.query.QueryEnhancerFactories   : Hibernate is in classpath; If applicable, HQL parser will be used.
2026-08-31T10:49:22.301+05:30 DEBUG 19828 --- [usersm] [main] c.e.u.config.JwtAuthenticationFilter     : Filter 'jwtAuthenticationFilter' configured for use
2026-08-31T10:49:22.313+05:30 DEBUG 19828 --- [usersm] [main] o.s.w.f.ServerHttpObservationFilter      : Filter 'webMvcObservationFilter' configured for use
2026-08-31T10:49:22.514+05:30  INFO 19828 --- [usersm] [main] eAuthenticationProviderManagerConfigurer : Global AuthenticationManager configured with AuthenticationProvider bean with name authenticationProvider
2026-08-31T10:49:22.518+05:30  WARN 19828 --- [usersm] [main] r$InitializeUserDetailsManagerConfigurer : Global AuthenticationManager configured with an AuthenticationProvider bean. UserDetailsService beans will not be used by Spring Security for automatically configuring username/password login. Consider removing the AuthenticationProvider bean. Alternatively, consider using the UserDetailsService in a manually instantiated DaoAuthenticationProvider. If the current configuration is intentional, to turn off this warning, increase the logging level of 'org.springframework.security.config.annotation.authentication.configuration.InitializeUserDetailsBeanManagerConfigurer' to ERROR
2026-08-31T10:49:23.956+05:30  WARN 19828 --- [usersm] [main] JpaBaseConfiguration$JpaWebConfiguration : spring.jpa.open-in-view is enabled by default. Therefore, database queries may be performed during view rendering. Explicitly configure spring.jpa.open-in-view to disable this warning
2026-08-31T10:49:25.825+05:30 DEBUG 19828 --- [usersm] [main] s.w.s.m.m.a.RequestMappingHandlerMapping : 21 mappings in 'requestMappingHandlerMapping'
2026-08-31T10:49:26.012+05:30 DEBUG 19828 --- [usersm] [main] o.s.w.s.handler.SimpleUrlHandlerMapping  : Patterns [/webjars/**, /**, /upload/**] in 'resourceHandlerMapping'
2026-08-31T10:49:26.142+05:30 DEBUG 19828 --- [usersm] [main] s.w.s.m.m.a.RequestMappingHandlerAdapter : ControllerAdvice beans: 0 @ModelAttribute, 0 @InitBinder, 2 RequestBodyAdvice, 1 ResponseBodyAdvice
2026-08-31T10:49:26.279+05:30 DEBUG 19828 --- [usersm] [main] .m.m.a.ExceptionHandlerExceptionResolver : ControllerAdvice beans: 1 @ExceptionHandler, 1 ResponseBodyAdvice
2026-08-31T10:49:27.749+05:30  INFO 19828 --- [usersm] [main] o.s.b.a.e.web.EndpointLinksResolver      : Exposing 14 endpoints beneath base path '/actuator'
2026-08-31T10:49:27.999+05:30  INFO 19828 --- [usersm] [main] o.s.boot.tomcat.TomcatWebServer          : Tomcat started on port 8080 (http) with context path '/'
2026-08-31T10:49:28.039+05:30  INFO 19828 --- [usersm] [main] com.example.usersm.UsersmApplication     : Started UsersmApplication in 17.496 seconds (process running for 19.164)
2026-08-31 11:04:24.723  INFO 10368 --- [usersm] [main] com.example.usersm.UsersmApplication     : Starting UsersmApplication using Java 21.0.10 with PID 10368 (C:\Users\test\Documents\JADVJAVA01\springBoot\usersm\target\classes started by test in C:\Users\test\Documents\JADVJAVA01\springBoot\usersm)
2026-08-31 11:04:24.726 DEBUG 10368 --- [usersm] [main] com.example.usersm.UsersmApplication     : Running with Spring Boot v4.0.6, Spring v7.0.7
2026-08-31 11:04:24.728  INFO 10368 --- [usersm] [main] com.example.usersm.UsersmApplication     : The following 1 profile is active: "prod"
2026-08-31 11:04:26.404  INFO 10368 --- [usersm] [main] .s.d.r.c.RepositoryConfigurationDelegate : Multiple Spring Data modules found, entering strict repository configuration mode
2026-08-31 11:04:26.408  INFO 10368 --- [usersm] [main] .s.d.r.c.RepositoryConfigurationDelegate : Bootstrapping Spring Data JPA repositories in DEFAULT mode.
2026-08-31 11:04:26.635  INFO 10368 --- [usersm] [main] .s.d.r.c.RepositoryConfigurationDelegate : Finished Spring Data repository scanning in 215 ms. Found 5 JPA repository interfaces.
2026-08-31 11:04:26.668  INFO 10368 --- [usersm] [main] .s.d.r.c.RepositoryConfigurationDelegate : Multiple Spring Data modules found, entering strict repository configuration mode
2026-08-31 11:04:26.670  INFO 10368 --- [usersm] [main] .s.d.r.c.RepositoryConfigurationDelegate : Bootstrapping Spring Data Redis repositories in DEFAULT mode.
2026-08-31 11:04:26.694  INFO 10368 --- [usersm] [main] .RepositoryConfigurationExtensionSupport : Spring Data Redis - Could not safely identify store assignment for repository candidate interface com.example.usersm.Repository.AuditRepository; If you want this repository to be a Redis repository, consider annotating your entities with one of these annotations: org.springframework.data.redis.core.RedisHash (preferred), or consider extending one of the following types with your repository: org.springframework.data.keyvalue.repository.KeyValueRepository
2026-08-31 11:04:26.695  INFO 10368 --- [usersm] [main] .RepositoryConfigurationExtensionSupport : Spring Data Redis - Could not safely identify store assignment for repository candidate interface com.example.usersm.Repository.CategoryRepositry; If you want this repository to be a Redis repository, consider annotating your entities with one of these annotations: org.springframework.data.redis.core.RedisHash (preferred), or consider extending one of the following types with your repository: org.springframework.data.keyvalue.repository.KeyValueRepository
2026-08-31 11:04:26.696  INFO 10368 --- [usersm] [main] .RepositoryConfigurationExtensionSupport : Spring Data Redis - Could not safely identify store assignment for repository candidate interface com.example.usersm.Repository.ProductRepositry; If you want this repository to be a Redis repository, consider annotating your entities with one of these annotations: org.springframework.data.redis.core.RedisHash (preferred), or consider extending one of the following types with your repository: org.springframework.data.keyvalue.repository.KeyValueRepository
2026-08-31 11:04:26.698  INFO 10368 --- [usersm] [main] .RepositoryConfigurationExtensionSupport : Spring Data Redis - Could not safely identify store assignment for repository candidate interface com.example.usersm.Repository.RefreshTokenRepository; If you want this repository to be a Redis repository, consider annotating your entities with one of these annotations: org.springframework.data.redis.core.RedisHash (preferred), or consider extending one of the following types with your repository: org.springframework.data.keyvalue.repository.KeyValueRepository
2026-08-31 11:04:26.700  INFO 10368 --- [usersm] [main] .RepositoryConfigurationExtensionSupport : Spring Data Redis - Could not safely identify store assignment for repository candidate interface com.example.usersm.Repository.UserRepostory; If you want this repository to be a Redis repository, consider annotating your entities with one of these annotations: org.springframework.data.redis.core.RedisHash (preferred), or consider extending one of the following types with your repository: org.springframework.data.keyvalue.repository.KeyValueRepository
2026-08-31 11:04:26.701  INFO 10368 --- [usersm] [main] .s.d.r.c.RepositoryConfigurationDelegate : Finished Spring Data repository scanning in 17 ms. Found 0 Redis repository interfaces.
2026-08-31 11:04:27.705  INFO 10368 --- [usersm] [main] o.s.boot.tomcat.TomcatWebServer          : Tomcat initialized with port 8080 (http)
2026-08-31 11:04:27.725  INFO 10368 --- [usersm] [main] o.apache.catalina.core.StandardService   : Starting service [Tomcat]
2026-08-31 11:04:27.726  INFO 10368 --- [usersm] [main] o.apache.catalina.core.StandardEngine    : Starting Servlet engine: [Apache Tomcat/11.0.21]
2026-08-31 11:04:27.910  INFO 10368 --- [usersm] [main] b.w.c.s.WebApplicationContextInitializer : Root WebApplicationContext: initialization completed in 3087 ms
2026-08-31 11:04:28.374  INFO 10368 --- [usersm] [main] org.hibernate.orm.jpa                    : HHH008540: Processing PersistenceUnitInfo [name: default]
2026-08-31 11:04:28.466  INFO 10368 --- [usersm] [main] org.hibernate.orm.core                   : HHH000001: Hibernate ORM core version 7.2.12.Final
2026-08-31 11:04:29.130  INFO 10368 --- [usersm] [main] o.s.o.j.p.SpringPersistenceUnitInfo      : No LoadTimeWeaver setup: ignoring JPA class transformer
2026-08-31 11:04:29.211  INFO 10368 --- [usersm] [main] com.zaxxer.hikari.HikariDataSource       : HikariPool-1 - Starting...
2026-08-31 11:04:29.534  INFO 10368 --- [usersm] [main] com.zaxxer.hikari.pool.HikariPool        : HikariPool-1 - Added connection com.mysql.cj.jdbc.ConnectionImpl@63062eea
2026-08-31 11:04:29.537  INFO 10368 --- [usersm] [main] com.zaxxer.hikari.HikariDataSource       : HikariPool-1 - Start completed.
2026-08-31 11:04:29.676  INFO 10368 --- [usersm] [main] org.hibernate.orm.connections.pooling    : HHH10001005: Database info:
	Database JDBC URL [jdbc:mysql://localhost:3306/usersm?allowPublicKeyRetrieval=true&useSSL=false&serverTimezone=UTC]
	Database driver: MySQL Connector/J
	Database dialect: MySQLDialect
	Database version: 8.4.10
	Default catalog/schema: usersm/undefined
	Autocommit mode: undefined/unknown
	Isolation level: REPEATABLE_READ [default REPEATABLE_READ]
	JDBC fetch size: none
	Pool: DataSourceConnectionProvider
	Minimum pool size: undefined/unknown
	Maximum pool size: undefined/unknown
2026-08-31 11:04:32.014  INFO 10368 --- [usersm] [main] org.hibernate.orm.core                   : HHH000489: No JTA platform available (set 'hibernate.transaction.jta.platform' to enable JTA platform integration)
2026-08-31 11:04:32.107  INFO 10368 --- [usersm] [main] j.LocalContainerEntityManagerFactoryBean : Initialized JPA EntityManagerFactory for persistence unit 'default'
2026-08-31 11:04:32.378  INFO 10368 --- [usersm] [main] o.s.d.j.r.query.QueryEnhancerFactories   : Hibernate is in classpath; If applicable, HQL parser will be used.
2026-08-31 11:04:32.821 DEBUG 10368 --- [usersm] [main] c.e.u.config.JwtAuthenticationFilter     : Filter 'jwtAuthenticationFilter' configured for use
2026-08-31 11:04:32.829 DEBUG 10368 --- [usersm] [main] o.s.w.f.ServerHttpObservationFilter      : Filter 'webMvcObservationFilter' configured for use
2026-08-31 11:04:33.040  INFO 10368 --- [usersm] [main] eAuthenticationProviderManagerConfigurer : Global AuthenticationManager configured with AuthenticationProvider bean with name authenticationProvider
2026-08-31 11:04:33.042  WARN 10368 --- [usersm] [main] r$InitializeUserDetailsManagerConfigurer : Global AuthenticationManager configured with an AuthenticationProvider bean. UserDetailsService beans will not be used by Spring Security for automatically configuring username/password login. Consider removing the AuthenticationProvider bean. Alternatively, consider using the UserDetailsService in a manually instantiated DaoAuthenticationProvider. If the current configuration is intentional, to turn off this warning, increase the logging level of 'org.springframework.security.config.annotation.authentication.configuration.InitializeUserDetailsBeanManagerConfigurer' to ERROR
2026-08-31 11:04:33.956  WARN 10368 --- [usersm] [main] JpaBaseConfiguration$JpaWebConfiguration : spring.jpa.open-in-view is enabled by default. Therefore, database queries may be performed during view rendering. Explicitly configure spring.jpa.open-in-view to disable this warning
2026-08-31 11:04:35.726 DEBUG 10368 --- [usersm] [main] s.w.s.m.m.a.RequestMappingHandlerMapping : 21 mappings in 'requestMappingHandlerMapping'
2026-08-31 11:04:35.852 DEBUG 10368 --- [usersm] [main] o.s.w.s.handler.SimpleUrlHandlerMapping  : Patterns [/webjars/**, /**, /upload/**] in 'resourceHandlerMapping'
2026-08-31 11:04:35.961 DEBUG 10368 --- [usersm] [main] s.w.s.m.m.a.RequestMappingHandlerAdapter : ControllerAdvice beans: 0 @ModelAttribute, 0 @InitBinder, 2 RequestBodyAdvice, 1 ResponseBodyAdvice
2026-08-31 11:04:36.176 DEBUG 10368 --- [usersm] [main] .m.m.a.ExceptionHandlerExceptionResolver : ControllerAdvice beans: 1 @ExceptionHandler, 1 ResponseBodyAdvice
2026-08-31 11:04:38.368  INFO 10368 --- [usersm] [main] o.s.b.a.e.web.EndpointLinksResolver      : Exposing 14 endpoints beneath base path '/actuator'
2026-08-31 11:04:38.518  WARN 10368 --- [usersm] [main] ConfigServletWebServerApplicationContext : Exception encountered during context initialization - cancelling refresh attempt: org.springframework.context.ApplicationContextException: Failed to start bean 'webServerStartStop'
2026-08-31 11:04:38.530  INFO 10368 --- [usersm] [main] j.LocalContainerEntityManagerFactoryBean : Closing JPA EntityManagerFactory for persistence unit 'default'
2026-08-31 11:04:38.534  INFO 10368 --- [usersm] [main] com.zaxxer.hikari.HikariDataSource       : HikariPool-1 - Shutdown initiated...
2026-08-31 11:04:38.550  INFO 10368 --- [usersm] [main] com.zaxxer.hikari.HikariDataSource       : HikariPool-1 - Shutdown completed.
2026-08-31 11:04:38.573  INFO 10368 --- [usersm] [main] .s.b.a.l.ConditionEvaluationReportLogger : 

Error starting ApplicationContext. To display the condition evaluation report re-run your application with 'debug' enabled.
2026-08-31 11:04:38.625 ERROR 10368 --- [usersm] [main] o.s.b.d.LoggingFailureAnalysisReporter   : 

***************************
APPLICATION FAILED TO START
***************************

Description:

Web server failed to start. Port 8080 was already in use.

Action:

Identify and stop the process that's listening on port 8080 or configure this application to listen on another port.

2026-08-31 11:06:19.064  INFO 1712 --- [usersm] [main] com.example.usersm.UsersmApplication     : Starting UsersmApplication using Java 21.0.10 with PID 1712 (C:\Users\test\Documents\JADVJAVA01\springBoot\usersm\target\classes started by test in C:\Users\test\Documents\JADVJAVA01\springBoot\usersm)
2026-08-31 11:06:19.068 DEBUG 1712 --- [usersm] [main] com.example.usersm.UsersmApplication     : Running with Spring Boot v4.0.6, Spring v7.0.7
2026-08-31 11:06:19.069  INFO 1712 --- [usersm] [main] com.example.usersm.UsersmApplication     : The following 1 profile is active: "prod"
2026-08-31 11:06:20.367  INFO 1712 --- [usersm] [main] .s.d.r.c.RepositoryConfigurationDelegate : Multiple Spring Data modules found, entering strict repository configuration mode
2026-08-31 11:06:20.369  INFO 1712 --- [usersm] [main] .s.d.r.c.RepositoryConfigurationDelegate : Bootstrapping Spring Data JPA repositories in DEFAULT mode.
2026-08-31 11:06:20.567  INFO 1712 --- [usersm] [main] .s.d.r.c.RepositoryConfigurationDelegate : Finished Spring Data repository scanning in 186 ms. Found 5 JPA repository interfaces.
2026-08-31 11:06:20.588  INFO 1712 --- [usersm] [main] .s.d.r.c.RepositoryConfigurationDelegate : Multiple Spring Data modules found, entering strict repository configuration mode
2026-08-31 11:06:20.594  INFO 1712 --- [usersm] [main] .s.d.r.c.RepositoryConfigurationDelegate : Bootstrapping Spring Data Redis repositories in DEFAULT mode.
2026-08-31 11:06:20.628  INFO 1712 --- [usersm] [main] .RepositoryConfigurationExtensionSupport : Spring Data Redis - Could not safely identify store assignment for repository candidate interface com.example.usersm.Repository.AuditRepository; If you want this repository to be a Redis repository, consider annotating your entities with one of these annotations: org.springframework.data.redis.core.RedisHash (preferred), or consider extending one of the following types with your repository: org.springframework.data.keyvalue.repository.KeyValueRepository
2026-08-31 11:06:20.630  INFO 1712 --- [usersm] [main] .RepositoryConfigurationExtensionSupport : Spring Data Redis - Could not safely identify store assignment for repository candidate interface com.example.usersm.Repository.CategoryRepositry; If you want this repository to be a Redis repository, consider annotating your entities with one of these annotations: org.springframework.data.redis.core.RedisHash (preferred), or consider extending one of the following types with your repository: org.springframework.data.keyvalue.repository.KeyValueRepository
2026-08-31 11:06:20.631  INFO 1712 --- [usersm] [main] .RepositoryConfigurationExtensionSupport : Spring Data Redis - Could not safely identify store assignment for repository candidate interface com.example.usersm.Repository.ProductRepositry; If you want this repository to be a Redis repository, consider annotating your entities with one of these annotations: org.springframework.data.redis.core.RedisHash (preferred), or consider extending one of the following types with your repository: org.springframework.data.keyvalue.repository.KeyValueRepository
2026-08-31 11:06:20.631  INFO 1712 --- [usersm] [main] .RepositoryConfigurationExtensionSupport : Spring Data Redis - Could not safely identify store assignment for repository candidate interface com.example.usersm.Repository.RefreshTokenRepository; If you want this repository to be a Redis repository, consider annotating your entities with one of these annotations: org.springframework.data.redis.core.RedisHash (preferred), or consider extending one of the following types with your repository: org.springframework.data.keyvalue.repository.KeyValueRepository
2026-08-31 11:06:20.632  INFO 1712 --- [usersm] [main] .RepositoryConfigurationExtensionSupport : Spring Data Redis - Could not safely identify store assignment for repository candidate interface com.example.usersm.Repository.UserRepostory; If you want this repository to be a Redis repository, consider annotating your entities with one of these annotations: org.springframework.data.redis.core.RedisHash (preferred), or consider extending one of the following types with your repository: org.springframework.data.keyvalue.repository.KeyValueRepository
2026-08-31 11:06:20.633  INFO 1712 --- [usersm] [main] .s.d.r.c.RepositoryConfigurationDelegate : Finished Spring Data repository scanning in 17 ms. Found 0 Redis repository interfaces.
2026-08-31 11:06:21.796  INFO 1712 --- [usersm] [main] o.s.boot.tomcat.TomcatWebServer          : Tomcat initialized with port 8080 (http)
2026-08-31 11:06:21.812  INFO 1712 --- [usersm] [main] o.apache.catalina.core.StandardService   : Starting service [Tomcat]
2026-08-31 11:06:21.814  INFO 1712 --- [usersm] [main] o.apache.catalina.core.StandardEngine    : Starting Servlet engine: [Apache Tomcat/11.0.21]
2026-08-31 11:06:21.927  INFO 1712 --- [usersm] [main] b.w.c.s.WebApplicationContextInitializer : Root WebApplicationContext: initialization completed in 2782 ms
2026-08-31 11:06:22.270  INFO 1712 --- [usersm] [main] org.hibernate.orm.jpa                    : HHH008540: Processing PersistenceUnitInfo [name: default]
2026-08-31 11:06:22.336  INFO 1712 --- [usersm] [main] org.hibernate.orm.core                   : HHH000001: Hibernate ORM core version 7.2.12.Final
2026-08-31 11:06:22.860  INFO 1712 --- [usersm] [main] o.s.o.j.p.SpringPersistenceUnitInfo      : No LoadTimeWeaver setup: ignoring JPA class transformer
2026-08-31 11:06:22.911  INFO 1712 --- [usersm] [main] com.zaxxer.hikari.HikariDataSource       : HikariPool-1 - Starting...
2026-08-31 11:06:23.129  INFO 1712 --- [usersm] [main] com.zaxxer.hikari.pool.HikariPool        : HikariPool-1 - Added connection com.mysql.cj.jdbc.ConnectionImpl@165824f5
2026-08-31 11:06:23.131  INFO 1712 --- [usersm] [main] com.zaxxer.hikari.HikariDataSource       : HikariPool-1 - Start completed.
2026-08-31 11:06:23.247  INFO 1712 --- [usersm] [main] org.hibernate.orm.connections.pooling    : HHH10001005: Database info:
	Database JDBC URL [jdbc:mysql://localhost:3306/usersm?allowPublicKeyRetrieval=true&useSSL=false&serverTimezone=UTC]
	Database driver: MySQL Connector/J
	Database dialect: MySQLDialect
	Database version: 8.4.10
	Default catalog/schema: usersm/undefined
	Autocommit mode: undefined/unknown
	Isolation level: REPEATABLE_READ [default REPEATABLE_READ]
	JDBC fetch size: none
	Pool: DataSourceConnectionProvider
	Minimum pool size: undefined/unknown
	Maximum pool size: undefined/unknown
2026-08-31 11:06:24.861  INFO 1712 --- [usersm] [main] org.hibernate.orm.core                   : HHH000489: No JTA platform available (set 'hibernate.transaction.jta.platform' to enable JTA platform integration)
2026-08-31 11:06:25.064  INFO 1712 --- [usersm] [main] j.LocalContainerEntityManagerFactoryBean : Initialized JPA EntityManagerFactory for persistence unit 'default'
2026-08-31 11:06:25.225  INFO 1712 --- [usersm] [main] o.s.d.j.r.query.QueryEnhancerFactories   : Hibernate is in classpath; If applicable, HQL parser will be used.
2026-08-31 11:06:25.543 DEBUG 1712 --- [usersm] [main] c.e.u.config.JwtAuthenticationFilter     : Filter 'jwtAuthenticationFilter' configured for use
2026-08-31 11:06:25.545 DEBUG 1712 --- [usersm] [main] o.s.w.f.ServerHttpObservationFilter      : Filter 'webMvcObservationFilter' configured for use
2026-08-31 11:06:25.676  INFO 1712 --- [usersm] [main] eAuthenticationProviderManagerConfigurer : Global AuthenticationManager configured with AuthenticationProvider bean with name authenticationProvider
2026-08-31 11:06:25.678  WARN 1712 --- [usersm] [main] r$InitializeUserDetailsManagerConfigurer : Global AuthenticationManager configured with an AuthenticationProvider bean. UserDetailsService beans will not be used by Spring Security for automatically configuring username/password login. Consider removing the AuthenticationProvider bean. Alternatively, consider using the UserDetailsService in a manually instantiated DaoAuthenticationProvider. If the current configuration is intentional, to turn off this warning, increase the logging level of 'org.springframework.security.config.annotation.authentication.configuration.InitializeUserDetailsBeanManagerConfigurer' to ERROR
2026-08-31 11:06:26.578  WARN 1712 --- [usersm] [main] JpaBaseConfiguration$JpaWebConfiguration : spring.jpa.open-in-view is enabled by default. Therefore, database queries may be performed during view rendering. Explicitly configure spring.jpa.open-in-view to disable this warning
2026-08-31 11:06:27.250 DEBUG 1712 --- [usersm] [main] s.w.s.m.m.a.RequestMappingHandlerMapping : 21 mappings in 'requestMappingHandlerMapping'
2026-08-31 11:06:27.313 DEBUG 1712 --- [usersm] [main] o.s.w.s.handler.SimpleUrlHandlerMapping  : Patterns [/webjars/**, /**, /upload/**] in 'resourceHandlerMapping'
2026-08-31 11:06:27.400 DEBUG 1712 --- [usersm] [main] s.w.s.m.m.a.RequestMappingHandlerAdapter : ControllerAdvice beans: 0 @ModelAttribute, 0 @InitBinder, 2 RequestBodyAdvice, 1 ResponseBodyAdvice
2026-08-31 11:06:27.502 DEBUG 1712 --- [usersm] [main] .m.m.a.ExceptionHandlerExceptionResolver : ControllerAdvice beans: 1 @ExceptionHandler, 1 ResponseBodyAdvice
2026-08-31 11:06:28.238  INFO 1712 --- [usersm] [main] o.s.b.a.e.web.EndpointLinksResolver      : Exposing 14 endpoints beneath base path '/actuator'
2026-08-31 11:06:28.386  INFO 1712 --- [usersm] [main] o.s.boot.tomcat.TomcatWebServer          : Tomcat started on port 8080 (http) with context path '/'
2026-08-31 11:06:28.397  INFO 1712 --- [usersm] [main] com.example.usersm.UsersmApplication     : Started UsersmApplication in 10.167 seconds (process running for 10.678)
2026-08-31 11:17:33.183  INFO 1712 --- [usersm] [SpringApplicationShutdownHook] o.s.boot.tomcat.GracefulShutdown         : Commencing graceful shutdown. Waiting for active requests to complete
2026-08-31 11:17:33.394  INFO 1712 --- [usersm] [tomcat-shutdown] o.s.boot.tomcat.GracefulShutdown         : Graceful shutdown complete
2026-08-31 11:17:33.472  INFO 1712 --- [usersm] [SpringApplicationShutdownHook] j.LocalContainerEntityManagerFactoryBean : Closing JPA EntityManagerFactory for persistence unit 'default'
2026-08-31 11:17:33.483  INFO 1712 --- [usersm] [SpringApplicationShutdownHook] com.zaxxer.hikari.HikariDataSource       : HikariPool-1 - Shutdown initiated...
2026-08-31 11:17:33.520  INFO 1712 --- [usersm] [SpringApplicationShutdownHook] com.zaxxer.hikari.HikariDataSource       : HikariPool-1 - Shutdown completed.
2026-08-31 11:20:22.876  INFO 6536 --- [usersm] [main] com.example.usersm.UsersmApplication     : Starting UsersmApplication using Java 21.0.10 with PID 6536 (C:\Users\test\Documents\JADVJAVA01\springBoot\usersm\target\classes started by test in C:\Users\test\Documents\JADVJAVA01\springBoot\usersm)
2026-08-31 11:20:22.879 DEBUG 6536 --- [usersm] [main] com.example.usersm.UsersmApplication     : Running with Spring Boot v4.0.6, Spring v7.0.7
2026-08-31 11:20:22.881  INFO 6536 --- [usersm] [main] com.example.usersm.UsersmApplication     : The following 1 profile is active: "prod"
2026-08-31 11:20:24.889  INFO 6536 --- [usersm] [main] .s.d.r.c.RepositoryConfigurationDelegate : Multiple Spring Data modules found, entering strict repository configuration mode
2026-08-31 11:20:24.898  INFO 6536 --- [usersm] [main] .s.d.r.c.RepositoryConfigurationDelegate : Bootstrapping Spring Data JPA repositories in DEFAULT mode.
2026-08-31 11:20:25.169  INFO 6536 --- [usersm] [main] .s.d.r.c.RepositoryConfigurationDelegate : Finished Spring Data repository scanning in 233 ms. Found 5 JPA repository interfaces.
2026-08-31 11:20:25.207  INFO 6536 --- [usersm] [main] .s.d.r.c.RepositoryConfigurationDelegate : Multiple Spring Data modules found, entering strict repository configuration mode
2026-08-31 11:20:25.210  INFO 6536 --- [usersm] [main] .s.d.r.c.RepositoryConfigurationDelegate : Bootstrapping Spring Data Redis repositories in DEFAULT mode.
2026-08-31 11:20:25.277  INFO 6536 --- [usersm] [main] .RepositoryConfigurationExtensionSupport : Spring Data Redis - Could not safely identify store assignment for repository candidate interface com.example.usersm.Repository.AuditRepository; If you want this repository to be a Redis repository, consider annotating your entities with one of these annotations: org.springframework.data.redis.core.RedisHash (preferred), or consider extending one of the following types with your repository: org.springframework.data.keyvalue.repository.KeyValueRepository
2026-08-31 11:20:25.284  INFO 6536 --- [usersm] [main] .RepositoryConfigurationExtensionSupport : Spring Data Redis - Could not safely identify store assignment for repository candidate interface com.example.usersm.Repository.CategoryRepositry; If you want this repository to be a Redis repository, consider annotating your entities with one of these annotations: org.springframework.data.redis.core.RedisHash (preferred), or consider extending one of the following types with your repository: org.springframework.data.keyvalue.repository.KeyValueRepository
2026-08-31 11:20:25.286  INFO 6536 --- [usersm] [main] .RepositoryConfigurationExtensionSupport : Spring Data Redis - Could not safely identify store assignment for repository candidate interface com.example.usersm.Repository.ProductRepositry; If you want this repository to be a Redis repository, consider annotating your entities with one of these annotations: org.springframework.data.redis.core.RedisHash (preferred), or consider extending one of the following types with your repository: org.springframework.data.keyvalue.repository.KeyValueRepository
2026-08-31 11:20:25.289  INFO 6536 --- [usersm] [main] .RepositoryConfigurationExtensionSupport : Spring Data Redis - Could not safely identify store assignment for repository candidate interface com.example.usersm.Repository.RefreshTokenRepository; If you want this repository to be a Redis repository, consider annotating your entities with one of these annotations: org.springframework.data.redis.core.RedisHash (preferred), or consider extending one of the following types with your repository: org.springframework.data.keyvalue.repository.KeyValueRepository
2026-08-31 11:20:25.296  INFO 6536 --- [usersm] [main] .RepositoryConfigurationExtensionSupport : Spring Data Redis - Could not safely identify store assignment for repository candidate interface com.example.usersm.Repository.UserRepostory; If you want this repository to be a Redis repository, consider annotating your entities with one of these annotations: org.springframework.data.redis.core.RedisHash (preferred), or consider extending one of the following types with your repository: org.springframework.data.keyvalue.repository.KeyValueRepository
2026-08-31 11:20:25.301  INFO 6536 --- [usersm] [main] .s.d.r.c.RepositoryConfigurationDelegate : Finished Spring Data repository scanning in 63 ms. Found 0 Redis repository interfaces.
2026-08-31 11:20:26.851  INFO 6536 --- [usersm] [main] o.s.boot.tomcat.TomcatWebServer          : Tomcat initialized with port 8080 (http)
2026-08-31 11:20:26.874  INFO 6536 --- [usersm] [main] o.apache.catalina.core.StandardService   : Starting service [Tomcat]
2026-08-31 11:20:26.878  INFO 6536 --- [usersm] [main] o.apache.catalina.core.StandardEngine    : Starting Servlet engine: [Apache Tomcat/11.0.21]
2026-08-31 11:20:27.055  INFO 6536 --- [usersm] [main] b.w.c.s.WebApplicationContextInitializer : Root WebApplicationContext: initialization completed in 4063 ms
2026-08-31 11:20:27.574  INFO 6536 --- [usersm] [main] org.hibernate.orm.jpa                    : HHH008540: Processing PersistenceUnitInfo [name: default]
2026-08-31 11:20:27.688  INFO 6536 --- [usersm] [main] org.hibernate.orm.core                   : HHH000001: Hibernate ORM core version 7.2.12.Final
2026-08-31 11:20:29.368  INFO 6536 --- [usersm] [main] o.s.o.j.p.SpringPersistenceUnitInfo      : No LoadTimeWeaver setup: ignoring JPA class transformer
2026-08-31 11:20:29.446  INFO 6536 --- [usersm] [main] com.zaxxer.hikari.HikariDataSource       : HikariPool-1 - Starting...
2026-08-31 11:20:30.361  INFO 6536 --- [usersm] [main] com.zaxxer.hikari.pool.HikariPool        : HikariPool-1 - Added connection com.mysql.cj.jdbc.ConnectionImpl@165824f5
2026-08-31 11:20:30.367  INFO 6536 --- [usersm] [main] com.zaxxer.hikari.HikariDataSource       : HikariPool-1 - Start completed.
2026-08-31 11:20:30.628  INFO 6536 --- [usersm] [main] org.hibernate.orm.connections.pooling    : HHH10001005: Database info:
	Database JDBC URL [jdbc:mysql://localhost:3306/usersm?allowPublicKeyRetrieval=true&useSSL=false&serverTimezone=UTC]
	Database driver: MySQL Connector/J
	Database dialect: MySQLDialect
	Database version: 8.4.10
	Default catalog/schema: usersm/undefined
	Autocommit mode: undefined/unknown
	Isolation level: REPEATABLE_READ [default REPEATABLE_READ]
	JDBC fetch size: none
	Pool: DataSourceConnectionProvider
	Minimum pool size: undefined/unknown
	Maximum pool size: undefined/unknown
2026-08-31 11:20:33.530  INFO 6536 --- [usersm] [main] org.hibernate.orm.core                   : HHH000489: No JTA platform available (set 'hibernate.transaction.jta.platform' to enable JTA platform integration)
2026-08-31 11:20:33.677  INFO 6536 --- [usersm] [main] j.LocalContainerEntityManagerFactoryBean : Initialized JPA EntityManagerFactory for persistence unit 'default'
2026-08-31 11:20:33.877  INFO 6536 --- [usersm] [main] o.s.d.j.r.query.QueryEnhancerFactories   : Hibernate is in classpath; If applicable, HQL parser will be used.
2026-08-31 11:20:34.382 DEBUG 6536 --- [usersm] [main] c.e.u.config.JwtAuthenticationFilter     : Filter 'jwtAuthenticationFilter' configured for use
2026-08-31 11:20:34.399 DEBUG 6536 --- [usersm] [main] o.s.w.f.ServerHttpObservationFilter      : Filter 'webMvcObservationFilter' configured for use
2026-08-31 11:20:34.695  INFO 6536 --- [usersm] [main] eAuthenticationProviderManagerConfigurer : Global AuthenticationManager configured with AuthenticationProvider bean with name authenticationProvider
2026-08-31 11:20:34.696  WARN 6536 --- [usersm] [main] r$InitializeUserDetailsManagerConfigurer : Global AuthenticationManager configured with an AuthenticationProvider bean. UserDetailsService beans will not be used by Spring Security for automatically configuring username/password login. Consider removing the AuthenticationProvider bean. Alternatively, consider using the UserDetailsService in a manually instantiated DaoAuthenticationProvider. If the current configuration is intentional, to turn off this warning, increase the logging level of 'org.springframework.security.config.annotation.authentication.configuration.InitializeUserDetailsBeanManagerConfigurer' to ERROR
2026-08-31 11:20:36.282  WARN 6536 --- [usersm] [main] JpaBaseConfiguration$JpaWebConfiguration : spring.jpa.open-in-view is enabled by default. Therefore, database queries may be performed during view rendering. Explicitly configure spring.jpa.open-in-view to disable this warning
2026-08-31 11:20:37.578 DEBUG 6536 --- [usersm] [main] s.w.s.m.m.a.RequestMappingHandlerMapping : 21 mappings in 'requestMappingHandlerMapping'
2026-08-31 11:20:37.762 DEBUG 6536 --- [usersm] [main] o.s.w.s.handler.SimpleUrlHandlerMapping  : Patterns [/webjars/**, /**, /upload/**] in 'resourceHandlerMapping'
2026-08-31 11:20:37.859 DEBUG 6536 --- [usersm] [main] s.w.s.m.m.a.RequestMappingHandlerAdapter : ControllerAdvice beans: 0 @ModelAttribute, 0 @InitBinder, 2 RequestBodyAdvice, 1 ResponseBodyAdvice
2026-08-31 11:20:38.029 DEBUG 6536 --- [usersm] [main] .m.m.a.ExceptionHandlerExceptionResolver : ControllerAdvice beans: 1 @ExceptionHandler, 1 ResponseBodyAdvice
2026-08-31 11:20:39.516  INFO 6536 --- [usersm] [main] o.s.b.a.e.web.EndpointLinksResolver      : Exposing 14 endpoints beneath base path '/actuator'
2026-08-31 11:20:40.088  INFO 6536 --- [usersm] [main] o.s.boot.tomcat.TomcatWebServer          : Tomcat started on port 8080 (http) with context path '/'
2026-08-31 11:20:40.102  INFO 6536 --- [usersm] [main] com.example.usersm.UsersmApplication     : Started UsersmApplication in 18.032 seconds (process running for 19.543)
2026-08-31 11:26:12.763  INFO 6536 --- [usersm] [SpringApplicationShutdownHook] o.s.boot.tomcat.GracefulShutdown         : Commencing graceful shutdown. Waiting for active requests to complete
2026-08-31 11:26:13.684  INFO 6536 --- [usersm] [tomcat-shutdown] o.s.boot.tomcat.GracefulShutdown         : Graceful shutdown complete
2026-08-31 11:26:13.729  INFO 6536 --- [usersm] [SpringApplicationShutdownHook] j.LocalContainerEntityManagerFactoryBean : Closing JPA EntityManagerFactory for persistence unit 'default'
2026-08-31 11:26:13.742  INFO 6536 --- [usersm] [SpringApplicationShutdownHook] com.zaxxer.hikari.HikariDataSource       : HikariPool-1 - Shutdown initiated...
2026-08-31 11:26:13.811  INFO 6536 --- [usersm] [SpringApplicationShutdownHook] com.zaxxer.hikari.HikariDataSource       : HikariPool-1 - Shutdown completed.
2026-08-31 11:26:31.389  INFO 7600 --- [usersm] [main] com.example.usersm.UsersmApplication     : Starting UsersmApplication using Java 21.0.10 with PID 7600 (C:\Users\test\Documents\JADVJAVA01\springBoot\usersm\target\classes started by test in C:\Users\test\Documents\JADVJAVA01\springBoot\usersm)
2026-08-31 11:26:31.394 DEBUG 7600 --- [usersm] [main] com.example.usersm.UsersmApplication     : Running with Spring Boot v4.0.6, Spring v7.0.7
2026-08-31 11:26:31.402  INFO 7600 --- [usersm] [main] com.example.usersm.UsersmApplication     : The following 1 profile is active: "prod"
2026-08-31 11:26:33.488  INFO 7600 --- [usersm] [main] .s.d.r.c.RepositoryConfigurationDelegate : Multiple Spring Data modules found, entering strict repository configuration mode
2026-08-31 11:26:33.490  INFO 7600 --- [usersm] [main] .s.d.r.c.RepositoryConfigurationDelegate : Bootstrapping Spring Data JPA repositories in DEFAULT mode.
2026-08-31 11:26:33.861  INFO 7600 --- [usersm] [main] .s.d.r.c.RepositoryConfigurationDelegate : Finished Spring Data repository scanning in 358 ms. Found 5 JPA repository interfaces.
2026-08-31 11:26:33.912  INFO 7600 --- [usersm] [main] .s.d.r.c.RepositoryConfigurationDelegate : Multiple Spring Data modules found, entering strict repository configuration mode
2026-08-31 11:26:33.915  INFO 7600 --- [usersm] [main] .s.d.r.c.RepositoryConfigurationDelegate : Bootstrapping Spring Data Redis repositories in DEFAULT mode.
2026-08-31 11:26:33.969  INFO 7600 --- [usersm] [main] .RepositoryConfigurationExtensionSupport : Spring Data Redis - Could not safely identify store assignment for repository candidate interface com.example.usersm.Repository.AuditRepository; If you want this repository to be a Redis repository, consider annotating your entities with one of these annotations: org.springframework.data.redis.core.RedisHash (preferred), or consider extending one of the following types with your repository: org.springframework.data.keyvalue.repository.KeyValueRepository
2026-08-31 11:26:33.970  INFO 7600 --- [usersm] [main] .RepositoryConfigurationExtensionSupport : Spring Data Redis - Could not safely identify store assignment for repository candidate interface com.example.usersm.Repository.CategoryRepositry; If you want this repository to be a Redis repository, consider annotating your entities with one of these annotations: org.springframework.data.redis.core.RedisHash (preferred), or consider extending one of the following types with your repository: org.springframework.data.keyvalue.repository.KeyValueRepository
2026-08-31 11:26:33.971  INFO 7600 --- [usersm] [main] .RepositoryConfigurationExtensionSupport : Spring Data Redis - Could not safely identify store assignment for repository candidate interface com.example.usersm.Repository.ProductRepositry; If you want this repository to be a Redis repository, consider annotating your entities with one of these annotations: org.springframework.data.redis.core.RedisHash (preferred), or consider extending one of the following types with your repository: org.springframework.data.keyvalue.repository.KeyValueRepository
2026-08-31 11:26:33.971  INFO 7600 --- [usersm] [main] .RepositoryConfigurationExtensionSupport : Spring Data Redis - Could not safely identify store assignment for repository candidate interface com.example.usersm.Repository.RefreshTokenRepository; If you want this repository to be a Redis repository, consider annotating your entities with one of these annotations: org.springframework.data.redis.core.RedisHash (preferred), or consider extending one of the following types with your repository: org.springframework.data.keyvalue.repository.KeyValueRepository
2026-08-31 11:26:33.973  INFO 7600 --- [usersm] [main] .RepositoryConfigurationExtensionSupport : Spring Data Redis - Could not safely identify store assignment for repository candidate interface com.example.usersm.Repository.UserRepostory; If you want this repository to be a Redis repository, consider annotating your entities with one of these annotations: org.springframework.data.redis.core.RedisHash (preferred), or consider extending one of the following types with your repository: org.springframework.data.keyvalue.repository.KeyValueRepository
2026-08-31 11:26:33.973  INFO 7600 --- [usersm] [main] .s.d.r.c.RepositoryConfigurationDelegate : Finished Spring Data repository scanning in 16 ms. Found 0 Redis repository interfaces.
2026-08-31 11:26:35.508  INFO 7600 --- [usersm] [main] o.s.boot.tomcat.TomcatWebServer          : Tomcat initialized with port 8080 (http)
2026-08-31 11:26:35.542  INFO 7600 --- [usersm] [main] o.apache.catalina.core.StandardService   : Starting service [Tomcat]
2026-08-31 11:26:35.543  INFO 7600 --- [usersm] [main] o.apache.catalina.core.StandardEngine    : Starting Servlet engine: [Apache Tomcat/11.0.21]
2026-08-31 11:26:35.725  INFO 7600 --- [usersm] [main] b.w.c.s.WebApplicationContextInitializer : Root WebApplicationContext: initialization completed in 4215 ms
2026-08-31 11:26:36.309  INFO 7600 --- [usersm] [main] org.hibernate.orm.jpa                    : HHH008540: Processing PersistenceUnitInfo [name: default]
2026-08-31 11:26:36.427  INFO 7600 --- [usersm] [main] org.hibernate.orm.core                   : HHH000001: Hibernate ORM core version 7.2.12.Final
2026-08-31 11:26:37.254  INFO 7600 --- [usersm] [main] o.s.o.j.p.SpringPersistenceUnitInfo      : No LoadTimeWeaver setup: ignoring JPA class transformer
2026-08-31 11:26:37.331  INFO 7600 --- [usersm] [main] com.zaxxer.hikari.HikariDataSource       : HikariPool-1 - Starting...
2026-08-31 11:26:37.845  INFO 7600 --- [usersm] [main] com.zaxxer.hikari.pool.HikariPool        : HikariPool-1 - Added connection com.mysql.cj.jdbc.ConnectionImpl@18c0f025
2026-08-31 11:26:37.849  INFO 7600 --- [usersm] [main] com.zaxxer.hikari.HikariDataSource       : HikariPool-1 - Start completed.
2026-08-31 11:26:38.033  INFO 7600 --- [usersm] [main] org.hibernate.orm.connections.pooling    : HHH10001005: Database info:
	Database JDBC URL [jdbc:mysql://localhost:3306/usersm?allowPublicKeyRetrieval=true&useSSL=false&serverTimezone=UTC]
	Database driver: MySQL Connector/J
	Database dialect: MySQLDialect
	Database version: 8.4.10
	Default catalog/schema: usersm/undefined
	Autocommit mode: undefined/unknown
	Isolation level: REPEATABLE_READ [default REPEATABLE_READ]
	JDBC fetch size: none
	Pool: DataSourceConnectionProvider
	Minimum pool size: undefined/unknown
	Maximum pool size: undefined/unknown
2026-08-31 11:26:40.192  INFO 7600 --- [usersm] [main] org.hibernate.orm.core                   : HHH000489: No JTA platform available (set 'hibernate.transaction.jta.platform' to enable JTA platform integration)
2026-08-31 11:26:40.293  INFO 7600 --- [usersm] [main] j.LocalContainerEntityManagerFactoryBean : Initialized JPA EntityManagerFactory for persistence unit 'default'
2026-08-31 11:26:40.618  INFO 7600 --- [usersm] [main] o.s.d.j.r.query.QueryEnhancerFactories   : Hibernate is in classpath; If applicable, HQL parser will be used.
2026-08-31 11:26:41.039 DEBUG 7600 --- [usersm] [main] c.e.u.config.JwtAuthenticationFilter     : Filter 'jwtAuthenticationFilter' configured for use
2026-08-31 11:26:41.041 DEBUG 7600 --- [usersm] [main] o.s.w.f.ServerHttpObservationFilter      : Filter 'webMvcObservationFilter' configured for use
2026-08-31 11:26:41.249  INFO 7600 --- [usersm] [main] eAuthenticationProviderManagerConfigurer : Global AuthenticationManager configured with AuthenticationProvider bean with name authenticationProvider
2026-08-31 11:26:41.252  WARN 7600 --- [usersm] [main] r$InitializeUserDetailsManagerConfigurer : Global AuthenticationManager configured with an AuthenticationProvider bean. UserDetailsService beans will not be used by Spring Security for automatically configuring username/password login. Consider removing the AuthenticationProvider bean. Alternatively, consider using the UserDetailsService in a manually instantiated DaoAuthenticationProvider. If the current configuration is intentional, to turn off this warning, increase the logging level of 'org.springframework.security.config.annotation.authentication.configuration.InitializeUserDetailsBeanManagerConfigurer' to ERROR
2026-08-31 11:26:42.525  WARN 7600 --- [usersm] [main] JpaBaseConfiguration$JpaWebConfiguration : spring.jpa.open-in-view is enabled by default. Therefore, database queries may be performed during view rendering. Explicitly configure spring.jpa.open-in-view to disable this warning
2026-08-31 11:26:43.936 DEBUG 7600 --- [usersm] [main] s.w.s.m.m.a.RequestMappingHandlerMapping : 21 mappings in 'requestMappingHandlerMapping'
2026-08-31 11:26:44.059 DEBUG 7600 --- [usersm] [main] o.s.w.s.handler.SimpleUrlHandlerMapping  : Patterns [/webjars/**, /**, /upload/**] in 'resourceHandlerMapping'
2026-08-31 11:26:44.145 DEBUG 7600 --- [usersm] [main] s.w.s.m.m.a.RequestMappingHandlerAdapter : ControllerAdvice beans: 0 @ModelAttribute, 0 @InitBinder, 2 RequestBodyAdvice, 1 ResponseBodyAdvice
2026-08-31 11:26:44.272 DEBUG 7600 --- [usersm] [main] .m.m.a.ExceptionHandlerExceptionResolver : ControllerAdvice beans: 1 @ExceptionHandler, 1 ResponseBodyAdvice
2026-08-31 11:26:45.491  INFO 7600 --- [usersm] [main] o.s.b.a.e.web.EndpointLinksResolver      : Exposing 14 endpoints beneath base path '/actuator'
2026-08-31 11:26:45.715  INFO 7600 --- [usersm] [main] o.s.boot.tomcat.TomcatWebServer          : Tomcat started on port 8080 (http) with context path '/'
2026-08-31 11:26:45.738  INFO 7600 --- [usersm] [main] com.example.usersm.UsersmApplication     : Started UsersmApplication in 15.162 seconds (process running for 16.226)
2026-08-31 11:27:03.683  INFO 7600 --- [usersm] [http-nio-8080-exec-1] o.a.c.c.C.[Tomcat].[localhost].[/]       : Initializing Spring DispatcherServlet 'dispatcherServlet'
2026-08-31 11:27:03.684  INFO 7600 --- [usersm] [http-nio-8080-exec-1] o.s.web.servlet.DispatcherServlet        : Initializing Servlet 'dispatcherServlet'
2026-08-31 11:27:03.685 DEBUG 7600 --- [usersm] [http-nio-8080-exec-1] o.s.web.servlet.DispatcherServlet        : Detected StandardServletMultipartResolver
2026-08-31 11:27:03.691 DEBUG 7600 --- [usersm] [http-nio-8080-exec-1] o.s.web.servlet.DispatcherServlet        : Detected AcceptHeaderLocaleResolver
2026-08-31 11:27:03.702 DEBUG 7600 --- [usersm] [http-nio-8080-exec-1] o.s.web.servlet.DispatcherServlet        : Detected org.springframework.web.servlet.view.DefaultRequestToViewNameTranslator@685efb22
2026-08-31 11:27:03.711 DEBUG 7600 --- [usersm] [http-nio-8080-exec-1] o.s.web.servlet.DispatcherServlet        : Detected org.springframework.web.servlet.support.SessionFlashMapManager@578036a2
2026-08-31 11:27:03.714 DEBUG 7600 --- [usersm] [http-nio-8080-exec-1] o.s.web.servlet.DispatcherServlet        : enableLoggingRequestDetails='false': request parameters and headers will be masked to prevent unsafe logging of potentially sensitive data
2026-08-31 11:27:03.716  INFO 7600 --- [usersm] [http-nio-8080-exec-1] o.s.web.servlet.DispatcherServlet        : Completed initialization in 30 ms
2026-08-31 11:27:03.882 DEBUG 7600 --- [usersm] [http-nio-8080-exec-1] o.s.web.servlet.DispatcherServlet        : POST "/api/auth/v1/login", parameters={}
2026-08-31 11:27:03.901 DEBUG 7600 --- [usersm] [http-nio-8080-exec-1] s.w.s.m.m.a.RequestMappingHandlerMapping : Mapped to com.example.usersm.controller.AuthController#login(LoginRequestDto)
2026-08-31 11:27:04.180 DEBUG 7600 --- [usersm] [http-nio-8080-exec-1] m.m.a.RequestResponseBodyMethodProcessor : Read "application/json;charset=UTF-8" to [com.example.usersm.Dto.LoginRequestDto@3750920a]
2026-08-31 11:27:05.967 DEBUG 7600 --- [usersm] [http-nio-8080-exec-1] org.hibernate.SQL                        : 
    select
        u1_0.id,
        u1_0.address_id,
        u1_0.email,
        u1_0.name,
        u1_0.password,
        u1_0.role 
    from
        users u1_0 
    where
        u1_0.email=?
2026-08-31 11:27:06.331 DEBUG 7600 --- [usersm] [http-nio-8080-exec-1] org.hibernate.SQL                        : 
    select
        u1_0.id,
        u1_0.address_id,
        u1_0.email,
        u1_0.name,
        u1_0.password,
        u1_0.role 
    from
        users u1_0 
    where
        u1_0.email=?
2026-08-31 11:27:06.337 DEBUG 7600 --- [usersm] [http-nio-8080-exec-1] org.hibernate.SQL                        : 
    select
        u1_0.id,
        u1_0.address_id,
        u1_0.email,
        u1_0.name,
        u1_0.password,
        u1_0.role 
    from
        users u1_0 
    where
        u1_0.email=?
2026-08-31 11:27:06.866 DEBUG 7600 --- [usersm] [http-nio-8080-exec-1] o.s.w.s.m.m.a.HttpEntityMethodProcessor  : Using 'application/json', given [*/*] and supported [application/json, application/*+json]
2026-08-31 11:27:06.873 DEBUG 7600 --- [usersm] [http-nio-8080-exec-1] o.s.w.s.m.m.a.HttpEntityMethodProcessor  : Writing [com.example.usersm.Dto.JwtResponseDto@596405f8]
2026-08-31 11:27:07.017 DEBUG 7600 --- [usersm] [http-nio-8080-exec-1] o.s.web.servlet.DispatcherServlet        : Completed 200 OK
2026-08-31 11:29:01.181  INFO 7600 --- [usersm] [SpringApplicationShutdownHook] o.s.boot.tomcat.GracefulShutdown         : Commencing graceful shutdown. Waiting for active requests to complete
2026-08-31 11:29:01.226  INFO 7600 --- [usersm] [tomcat-shutdown] o.s.boot.tomcat.GracefulShutdown         : Graceful shutdown complete
2026-08-31 11:29:01.256  INFO 7600 --- [usersm] [SpringApplicationShutdownHook] j.LocalContainerEntityManagerFactoryBean : Closing JPA EntityManagerFactory for persistence unit 'default'
2026-08-31 11:29:01.260  INFO 7600 --- [usersm] [SpringApplicationShutdownHook] com.zaxxer.hikari.HikariDataSource       : HikariPool-1 - Shutdown initiated...
2026-08-31 11:29:01.299  INFO 7600 --- [usersm] [SpringApplicationShutdownHook] com.zaxxer.hikari.HikariDataSource       : HikariPool-1 - Shutdown completed.
